Simulator report for teste_timer00_99_qsim
Mon Jun 15 20:37:00 2020
Quartus II 32-bit Version 13.0.1 Build 232 06/12/2013 Service Pack 1 SJ Full Version


---------------------
; Table of Contents ;
---------------------
  1. Legal Notice
  2. Simulator Summary
  3. Simulator Settings
  4. Simulation Waveforms
  5. Coverage Summary
  6. Complete 1/0-Value Coverage
  7. Missing 1-Value Coverage
  8. Missing 0-Value Coverage
  9. Simulator INI Usage
 10. Simulator Messages



----------------
; Legal Notice ;
----------------
Copyright (C) 1991-2013 Altera Corporation
Your use of Altera Corporation's design tools, logic functions 
and other software and tools, and its AMPP partner logic 
functions, and any output files from any of the foregoing 
(including device programming or simulation files), and any 
associated documentation or information are expressly subject 
to the terms and conditions of the Altera Program License 
Subscription Agreement, Altera MegaCore Function License 
Agreement, or other applicable license agreement, including, 
without limitation, that your use is for the sole purpose of 
programming logic devices manufactured by Altera and sold by 
Altera or its authorized distributors.  Please refer to the 
applicable agreement for further details.



+--------------------------------------------+
; Simulator Summary                          ;
+-----------------------------+--------------+
; Type                        ; Value        ;
+-----------------------------+--------------+
; Simulation Start Time       ; 0 ps         ;
; Simulation End Time         ; 1.0 us       ;
; Simulation Netlist Size     ; 224 nodes    ;
; Simulation Coverage         ;      86.16 % ;
; Total Number of Transitions ; 3554         ;
; Simulation Breakpoints      ; 0            ;
; Family                      ; Cyclone III  ;
+-----------------------------+--------------+


+------------------------------------------------------------------------------------------------------------------------------------------------------------------------------+
; Simulator Settings                                                                                                                                                           ;
+--------------------------------------------------------------------------------------------+-----------------------------------------------------------------+---------------+
; Option                                                                                     ; Setting                                                         ; Default Value ;
+--------------------------------------------------------------------------------------------+-----------------------------------------------------------------+---------------+
; Simulation mode                                                                            ; Functional                                                      ; Timing        ;
; Start time                                                                                 ; 0 ns                                                            ; 0 ns          ;
; Simulation results format                                                                  ; VWF                                                             ;               ;
; Vector input source                                                                        ; /home/francin.b/DLP I (20-1)/Timer/output_files/tb_bintobcd.vwf ;               ;
; Add pins automatically to simulation output waveforms                                      ; On                                                              ; On            ;
; Check outputs                                                                              ; Off                                                             ; Off           ;
; Report simulation coverage                                                                 ; On                                                              ; On            ;
; Display complete 1/0 value coverage report                                                 ; On                                                              ; On            ;
; Display missing 1-value coverage report                                                    ; On                                                              ; On            ;
; Display missing 0-value coverage report                                                    ; On                                                              ; On            ;
; Detect setup and hold time violations                                                      ; Off                                                             ; Off           ;
; Detect glitches                                                                            ; Off                                                             ; Off           ;
; Disable timing delays in Timing Simulation                                                 ; Off                                                             ; Off           ;
; Generate Signal Activity File                                                              ; Off                                                             ; Off           ;
; Generate VCD File for PowerPlay Power Analyzer                                             ; Off                                                             ; Off           ;
; Group bus channels in simulation results                                                   ; Off                                                             ; Off           ;
; Preserve fewer signal transitions to reduce memory requirements                            ; On                                                              ; On            ;
; Trigger vector comparison with the specified mode                                          ; INPUT_EDGE                                                      ; INPUT_EDGE    ;
; Disable setup and hold time violations detection in input registers of bi-directional pins ; Off                                                             ; Off           ;
; Overwrite Waveform Inputs With Simulation Outputs                                          ; Off                                                             ;               ;
; Perform Glitch Filtering in Timing Simulation                                              ; Auto                                                            ; Auto          ;
; Interconnect Delay Model Type                                                              ; Transport                                                       ; Transport     ;
; Cell Delay Model Type                                                                      ; Transport                                                       ; Transport     ;
+--------------------------------------------------------------------------------------------+-----------------------------------------------------------------+---------------+


+----------------------+
; Simulation Waveforms ;
+----------------------+
Waveform report data cannot be output to ASCII.
Please use Quartus II 32-bit to view the waveform report data.


+--------------------------------------------------------------------+
; Coverage Summary                                                   ;
+-----------------------------------------------------+--------------+
; Type                                                ; Value        ;
+-----------------------------------------------------+--------------+
; Total coverage as a percentage                      ;      86.16 % ;
; Total nodes checked                                 ; 224          ;
; Total output ports checked                          ; 224          ;
; Total output ports with complete 1/0-value coverage ; 193          ;
; Total output ports with no 1/0-value coverage       ; 31           ;
; Total output ports with no 1-value coverage         ; 31           ;
; Total output ports with no 0-value coverage         ; 31           ;
+-----------------------------------------------------+--------------+


The following table displays output ports that toggle between 1 and 0 during simulation.
+------------------------------------------------------------------------------------------------------------------------------------------------------------------------------------------------------------------------------------------------------------------------------+
; Complete 1/0-Value Coverage                                                                                                                                                                                                                                                  ;
+-----------------------------------------------------------------------------------------------------------------------------+-----------------------------------------------------------------------------------------------------------------------------+------------------+
; Node Name                                                                                                                   ; Output Port Name                                                                                                            ; Output Port Type ;
+-----------------------------------------------------------------------------------------------------------------------------+-----------------------------------------------------------------------------------------------------------------------------+------------------+
; |bin2bcd_UD|X_bin[0]                                                                                                        ; |bin2bcd_UD|X_bin[0]                                                                                                        ; out              ;
; |bin2bcd_UD|X_bin[1]                                                                                                        ; |bin2bcd_UD|X_bin[1]                                                                                                        ; out              ;
; |bin2bcd_UD|X_bin[2]                                                                                                        ; |bin2bcd_UD|X_bin[2]                                                                                                        ; out              ;
; |bin2bcd_UD|X_bin[3]                                                                                                        ; |bin2bcd_UD|X_bin[3]                                                                                                        ; out              ;
; |bin2bcd_UD|X_bin[4]                                                                                                        ; |bin2bcd_UD|X_bin[4]                                                                                                        ; out              ;
; |bin2bcd_UD|X_bin[5]                                                                                                        ; |bin2bcd_UD|X_bin[5]                                                                                                        ; out              ;
; |bin2bcd_UD|X_bin[6]                                                                                                        ; |bin2bcd_UD|X_bin[6]                                                                                                        ; out              ;
; |bin2bcd_UD|D_bcd[0]                                                                                                        ; |bin2bcd_UD|D_bcd[0]                                                                                                        ; pin_out          ;
; |bin2bcd_UD|D_bcd[1]                                                                                                        ; |bin2bcd_UD|D_bcd[1]                                                                                                        ; pin_out          ;
; |bin2bcd_UD|D_bcd[2]                                                                                                        ; |bin2bcd_UD|D_bcd[2]                                                                                                        ; pin_out          ;
; |bin2bcd_UD|D_bcd[3]                                                                                                        ; |bin2bcd_UD|D_bcd[3]                                                                                                        ; pin_out          ;
; |bin2bcd_UD|U_bcd[0]                                                                                                        ; |bin2bcd_UD|U_bcd[0]                                                                                                        ; pin_out          ;
; |bin2bcd_UD|U_bcd[1]                                                                                                        ; |bin2bcd_UD|U_bcd[1]                                                                                                        ; pin_out          ;
; |bin2bcd_UD|U_bcd[2]                                                                                                        ; |bin2bcd_UD|U_bcd[2]                                                                                                        ; pin_out          ;
; |bin2bcd_UD|U_bcd[3]                                                                                                        ; |bin2bcd_UD|U_bcd[3]                                                                                                        ; pin_out          ;
; |bin2bcd_UD|lpm_divide:Mod0|lpm_divide_h8m:auto_generated|sign_div_unsign_fkh:divider|alt_u_div_i4f:divider|StageOut[59]~4  ; |bin2bcd_UD|lpm_divide:Mod0|lpm_divide_h8m:auto_generated|sign_div_unsign_fkh:divider|alt_u_div_i4f:divider|StageOut[59]~4  ; out0             ;
; |bin2bcd_UD|lpm_divide:Mod0|lpm_divide_h8m:auto_generated|sign_div_unsign_fkh:divider|alt_u_div_i4f:divider|StageOut[58]~5  ; |bin2bcd_UD|lpm_divide:Mod0|lpm_divide_h8m:auto_generated|sign_div_unsign_fkh:divider|alt_u_div_i4f:divider|StageOut[58]~5  ; out0             ;
; |bin2bcd_UD|lpm_divide:Mod0|lpm_divide_h8m:auto_generated|sign_div_unsign_fkh:divider|alt_u_div_i4f:divider|StageOut[57]~6  ; |bin2bcd_UD|lpm_divide:Mod0|lpm_divide_h8m:auto_generated|sign_div_unsign_fkh:divider|alt_u_div_i4f:divider|StageOut[57]~6  ; out0             ;
; |bin2bcd_UD|lpm_divide:Mod0|lpm_divide_h8m:auto_generated|sign_div_unsign_fkh:divider|alt_u_div_i4f:divider|StageOut[56]~7  ; |bin2bcd_UD|lpm_divide:Mod0|lpm_divide_h8m:auto_generated|sign_div_unsign_fkh:divider|alt_u_div_i4f:divider|StageOut[56]~7  ; out0             ;
; |bin2bcd_UD|lpm_divide:Mod0|lpm_divide_h8m:auto_generated|sign_div_unsign_fkh:divider|alt_u_div_i4f:divider|StageOut[59]~12 ; |bin2bcd_UD|lpm_divide:Mod0|lpm_divide_h8m:auto_generated|sign_div_unsign_fkh:divider|alt_u_div_i4f:divider|StageOut[59]~12 ; out0             ;
; |bin2bcd_UD|lpm_divide:Mod0|lpm_divide_h8m:auto_generated|sign_div_unsign_fkh:divider|alt_u_div_i4f:divider|StageOut[58]~13 ; |bin2bcd_UD|lpm_divide:Mod0|lpm_divide_h8m:auto_generated|sign_div_unsign_fkh:divider|alt_u_div_i4f:divider|StageOut[58]~13 ; out0             ;
; |bin2bcd_UD|lpm_divide:Mod0|lpm_divide_h8m:auto_generated|sign_div_unsign_fkh:divider|alt_u_div_i4f:divider|StageOut[57]~14 ; |bin2bcd_UD|lpm_divide:Mod0|lpm_divide_h8m:auto_generated|sign_div_unsign_fkh:divider|alt_u_div_i4f:divider|StageOut[57]~14 ; out0             ;
; |bin2bcd_UD|lpm_divide:Mod0|lpm_divide_h8m:auto_generated|sign_div_unsign_fkh:divider|alt_u_div_i4f:divider|StageOut[56]~15 ; |bin2bcd_UD|lpm_divide:Mod0|lpm_divide_h8m:auto_generated|sign_div_unsign_fkh:divider|alt_u_div_i4f:divider|StageOut[56]~15 ; out0             ;
; |bin2bcd_UD|lpm_divide:Mod0|lpm_divide_h8m:auto_generated|sign_div_unsign_fkh:divider|alt_u_div_i4f:divider|StageOut[59]    ; |bin2bcd_UD|lpm_divide:Mod0|lpm_divide_h8m:auto_generated|sign_div_unsign_fkh:divider|alt_u_div_i4f:divider|StageOut[59]    ; out0             ;
; |bin2bcd_UD|lpm_divide:Mod0|lpm_divide_h8m:auto_generated|sign_div_unsign_fkh:divider|alt_u_div_i4f:divider|StageOut[58]    ; |bin2bcd_UD|lpm_divide:Mod0|lpm_divide_h8m:auto_generated|sign_div_unsign_fkh:divider|alt_u_div_i4f:divider|StageOut[58]    ; out0             ;
; |bin2bcd_UD|lpm_divide:Mod0|lpm_divide_h8m:auto_generated|sign_div_unsign_fkh:divider|alt_u_div_i4f:divider|StageOut[57]    ; |bin2bcd_UD|lpm_divide:Mod0|lpm_divide_h8m:auto_generated|sign_div_unsign_fkh:divider|alt_u_div_i4f:divider|StageOut[57]    ; out0             ;
; |bin2bcd_UD|lpm_divide:Mod0|lpm_divide_h8m:auto_generated|sign_div_unsign_fkh:divider|alt_u_div_i4f:divider|StageOut[56]    ; |bin2bcd_UD|lpm_divide:Mod0|lpm_divide_h8m:auto_generated|sign_div_unsign_fkh:divider|alt_u_div_i4f:divider|StageOut[56]    ; out0             ;
; |bin2bcd_UD|lpm_divide:Mod0|lpm_divide_h8m:auto_generated|sign_div_unsign_fkh:divider|alt_u_div_i4f:divider|StageOut[53]~18 ; |bin2bcd_UD|lpm_divide:Mod0|lpm_divide_h8m:auto_generated|sign_div_unsign_fkh:divider|alt_u_div_i4f:divider|StageOut[53]~18 ; out0             ;
; |bin2bcd_UD|lpm_divide:Mod0|lpm_divide_h8m:auto_generated|sign_div_unsign_fkh:divider|alt_u_div_i4f:divider|StageOut[52]~19 ; |bin2bcd_UD|lpm_divide:Mod0|lpm_divide_h8m:auto_generated|sign_div_unsign_fkh:divider|alt_u_div_i4f:divider|StageOut[52]~19 ; out0             ;
; |bin2bcd_UD|lpm_divide:Mod0|lpm_divide_h8m:auto_generated|sign_div_unsign_fkh:divider|alt_u_div_i4f:divider|StageOut[51]~20 ; |bin2bcd_UD|lpm_divide:Mod0|lpm_divide_h8m:auto_generated|sign_div_unsign_fkh:divider|alt_u_div_i4f:divider|StageOut[51]~20 ; out0             ;
; |bin2bcd_UD|lpm_divide:Mod0|lpm_divide_h8m:auto_generated|sign_div_unsign_fkh:divider|alt_u_div_i4f:divider|StageOut[50]~21 ; |bin2bcd_UD|lpm_divide:Mod0|lpm_divide_h8m:auto_generated|sign_div_unsign_fkh:divider|alt_u_div_i4f:divider|StageOut[50]~21 ; out0             ;
; |bin2bcd_UD|lpm_divide:Mod0|lpm_divide_h8m:auto_generated|sign_div_unsign_fkh:divider|alt_u_div_i4f:divider|StageOut[49]~22 ; |bin2bcd_UD|lpm_divide:Mod0|lpm_divide_h8m:auto_generated|sign_div_unsign_fkh:divider|alt_u_div_i4f:divider|StageOut[49]~22 ; out0             ;
; |bin2bcd_UD|lpm_divide:Mod0|lpm_divide_h8m:auto_generated|sign_div_unsign_fkh:divider|alt_u_div_i4f:divider|StageOut[48]~23 ; |bin2bcd_UD|lpm_divide:Mod0|lpm_divide_h8m:auto_generated|sign_div_unsign_fkh:divider|alt_u_div_i4f:divider|StageOut[48]~23 ; out0             ;
; |bin2bcd_UD|lpm_divide:Mod0|lpm_divide_h8m:auto_generated|sign_div_unsign_fkh:divider|alt_u_div_i4f:divider|StageOut[53]~26 ; |bin2bcd_UD|lpm_divide:Mod0|lpm_divide_h8m:auto_generated|sign_div_unsign_fkh:divider|alt_u_div_i4f:divider|StageOut[53]~26 ; out0             ;
; |bin2bcd_UD|lpm_divide:Mod0|lpm_divide_h8m:auto_generated|sign_div_unsign_fkh:divider|alt_u_div_i4f:divider|StageOut[52]~27 ; |bin2bcd_UD|lpm_divide:Mod0|lpm_divide_h8m:auto_generated|sign_div_unsign_fkh:divider|alt_u_div_i4f:divider|StageOut[52]~27 ; out0             ;
; |bin2bcd_UD|lpm_divide:Mod0|lpm_divide_h8m:auto_generated|sign_div_unsign_fkh:divider|alt_u_div_i4f:divider|StageOut[51]~28 ; |bin2bcd_UD|lpm_divide:Mod0|lpm_divide_h8m:auto_generated|sign_div_unsign_fkh:divider|alt_u_div_i4f:divider|StageOut[51]~28 ; out0             ;
; |bin2bcd_UD|lpm_divide:Mod0|lpm_divide_h8m:auto_generated|sign_div_unsign_fkh:divider|alt_u_div_i4f:divider|StageOut[50]~29 ; |bin2bcd_UD|lpm_divide:Mod0|lpm_divide_h8m:auto_generated|sign_div_unsign_fkh:divider|alt_u_div_i4f:divider|StageOut[50]~29 ; out0             ;
; |bin2bcd_UD|lpm_divide:Mod0|lpm_divide_h8m:auto_generated|sign_div_unsign_fkh:divider|alt_u_div_i4f:divider|StageOut[49]~30 ; |bin2bcd_UD|lpm_divide:Mod0|lpm_divide_h8m:auto_generated|sign_div_unsign_fkh:divider|alt_u_div_i4f:divider|StageOut[49]~30 ; out0             ;
; |bin2bcd_UD|lpm_divide:Mod0|lpm_divide_h8m:auto_generated|sign_div_unsign_fkh:divider|alt_u_div_i4f:divider|StageOut[48]~31 ; |bin2bcd_UD|lpm_divide:Mod0|lpm_divide_h8m:auto_generated|sign_div_unsign_fkh:divider|alt_u_div_i4f:divider|StageOut[48]~31 ; out0             ;
; |bin2bcd_UD|lpm_divide:Mod0|lpm_divide_h8m:auto_generated|sign_div_unsign_fkh:divider|alt_u_div_i4f:divider|StageOut[53]    ; |bin2bcd_UD|lpm_divide:Mod0|lpm_divide_h8m:auto_generated|sign_div_unsign_fkh:divider|alt_u_div_i4f:divider|StageOut[53]    ; out0             ;
; |bin2bcd_UD|lpm_divide:Mod0|lpm_divide_h8m:auto_generated|sign_div_unsign_fkh:divider|alt_u_div_i4f:divider|StageOut[52]    ; |bin2bcd_UD|lpm_divide:Mod0|lpm_divide_h8m:auto_generated|sign_div_unsign_fkh:divider|alt_u_div_i4f:divider|StageOut[52]    ; out0             ;
; |bin2bcd_UD|lpm_divide:Mod0|lpm_divide_h8m:auto_generated|sign_div_unsign_fkh:divider|alt_u_div_i4f:divider|StageOut[51]    ; |bin2bcd_UD|lpm_divide:Mod0|lpm_divide_h8m:auto_generated|sign_div_unsign_fkh:divider|alt_u_div_i4f:divider|StageOut[51]    ; out0             ;
; |bin2bcd_UD|lpm_divide:Mod0|lpm_divide_h8m:auto_generated|sign_div_unsign_fkh:divider|alt_u_div_i4f:divider|StageOut[50]    ; |bin2bcd_UD|lpm_divide:Mod0|lpm_divide_h8m:auto_generated|sign_div_unsign_fkh:divider|alt_u_div_i4f:divider|StageOut[50]    ; out0             ;
; |bin2bcd_UD|lpm_divide:Mod0|lpm_divide_h8m:auto_generated|sign_div_unsign_fkh:divider|alt_u_div_i4f:divider|StageOut[49]    ; |bin2bcd_UD|lpm_divide:Mod0|lpm_divide_h8m:auto_generated|sign_div_unsign_fkh:divider|alt_u_div_i4f:divider|StageOut[49]    ; out0             ;
; |bin2bcd_UD|lpm_divide:Mod0|lpm_divide_h8m:auto_generated|sign_div_unsign_fkh:divider|alt_u_div_i4f:divider|StageOut[48]    ; |bin2bcd_UD|lpm_divide:Mod0|lpm_divide_h8m:auto_generated|sign_div_unsign_fkh:divider|alt_u_div_i4f:divider|StageOut[48]    ; out0             ;
; |bin2bcd_UD|lpm_divide:Mod0|lpm_divide_h8m:auto_generated|sign_div_unsign_fkh:divider|alt_u_div_i4f:divider|StageOut[44]~35 ; |bin2bcd_UD|lpm_divide:Mod0|lpm_divide_h8m:auto_generated|sign_div_unsign_fkh:divider|alt_u_div_i4f:divider|StageOut[44]~35 ; out0             ;
; |bin2bcd_UD|lpm_divide:Mod0|lpm_divide_h8m:auto_generated|sign_div_unsign_fkh:divider|alt_u_div_i4f:divider|StageOut[43]~36 ; |bin2bcd_UD|lpm_divide:Mod0|lpm_divide_h8m:auto_generated|sign_div_unsign_fkh:divider|alt_u_div_i4f:divider|StageOut[43]~36 ; out0             ;
; |bin2bcd_UD|lpm_divide:Mod0|lpm_divide_h8m:auto_generated|sign_div_unsign_fkh:divider|alt_u_div_i4f:divider|StageOut[42]~37 ; |bin2bcd_UD|lpm_divide:Mod0|lpm_divide_h8m:auto_generated|sign_div_unsign_fkh:divider|alt_u_div_i4f:divider|StageOut[42]~37 ; out0             ;
; |bin2bcd_UD|lpm_divide:Mod0|lpm_divide_h8m:auto_generated|sign_div_unsign_fkh:divider|alt_u_div_i4f:divider|StageOut[41]~38 ; |bin2bcd_UD|lpm_divide:Mod0|lpm_divide_h8m:auto_generated|sign_div_unsign_fkh:divider|alt_u_div_i4f:divider|StageOut[41]~38 ; out0             ;
; |bin2bcd_UD|lpm_divide:Mod0|lpm_divide_h8m:auto_generated|sign_div_unsign_fkh:divider|alt_u_div_i4f:divider|StageOut[40]~39 ; |bin2bcd_UD|lpm_divide:Mod0|lpm_divide_h8m:auto_generated|sign_div_unsign_fkh:divider|alt_u_div_i4f:divider|StageOut[40]~39 ; out0             ;
; |bin2bcd_UD|lpm_divide:Mod0|lpm_divide_h8m:auto_generated|sign_div_unsign_fkh:divider|alt_u_div_i4f:divider|StageOut[44]~43 ; |bin2bcd_UD|lpm_divide:Mod0|lpm_divide_h8m:auto_generated|sign_div_unsign_fkh:divider|alt_u_div_i4f:divider|StageOut[44]~43 ; out0             ;
; |bin2bcd_UD|lpm_divide:Mod0|lpm_divide_h8m:auto_generated|sign_div_unsign_fkh:divider|alt_u_div_i4f:divider|StageOut[43]~44 ; |bin2bcd_UD|lpm_divide:Mod0|lpm_divide_h8m:auto_generated|sign_div_unsign_fkh:divider|alt_u_div_i4f:divider|StageOut[43]~44 ; out0             ;
; |bin2bcd_UD|lpm_divide:Mod0|lpm_divide_h8m:auto_generated|sign_div_unsign_fkh:divider|alt_u_div_i4f:divider|StageOut[42]~45 ; |bin2bcd_UD|lpm_divide:Mod0|lpm_divide_h8m:auto_generated|sign_div_unsign_fkh:divider|alt_u_div_i4f:divider|StageOut[42]~45 ; out0             ;
; |bin2bcd_UD|lpm_divide:Mod0|lpm_divide_h8m:auto_generated|sign_div_unsign_fkh:divider|alt_u_div_i4f:divider|StageOut[41]~46 ; |bin2bcd_UD|lpm_divide:Mod0|lpm_divide_h8m:auto_generated|sign_div_unsign_fkh:divider|alt_u_div_i4f:divider|StageOut[41]~46 ; out0             ;
; |bin2bcd_UD|lpm_divide:Mod0|lpm_divide_h8m:auto_generated|sign_div_unsign_fkh:divider|alt_u_div_i4f:divider|StageOut[40]~47 ; |bin2bcd_UD|lpm_divide:Mod0|lpm_divide_h8m:auto_generated|sign_div_unsign_fkh:divider|alt_u_div_i4f:divider|StageOut[40]~47 ; out0             ;
; |bin2bcd_UD|lpm_divide:Mod0|lpm_divide_h8m:auto_generated|sign_div_unsign_fkh:divider|alt_u_div_i4f:divider|StageOut[44]    ; |bin2bcd_UD|lpm_divide:Mod0|lpm_divide_h8m:auto_generated|sign_div_unsign_fkh:divider|alt_u_div_i4f:divider|StageOut[44]    ; out0             ;
; |bin2bcd_UD|lpm_divide:Mod0|lpm_divide_h8m:auto_generated|sign_div_unsign_fkh:divider|alt_u_div_i4f:divider|StageOut[43]    ; |bin2bcd_UD|lpm_divide:Mod0|lpm_divide_h8m:auto_generated|sign_div_unsign_fkh:divider|alt_u_div_i4f:divider|StageOut[43]    ; out0             ;
; |bin2bcd_UD|lpm_divide:Mod0|lpm_divide_h8m:auto_generated|sign_div_unsign_fkh:divider|alt_u_div_i4f:divider|StageOut[42]    ; |bin2bcd_UD|lpm_divide:Mod0|lpm_divide_h8m:auto_generated|sign_div_unsign_fkh:divider|alt_u_div_i4f:divider|StageOut[42]    ; out0             ;
; |bin2bcd_UD|lpm_divide:Mod0|lpm_divide_h8m:auto_generated|sign_div_unsign_fkh:divider|alt_u_div_i4f:divider|StageOut[41]    ; |bin2bcd_UD|lpm_divide:Mod0|lpm_divide_h8m:auto_generated|sign_div_unsign_fkh:divider|alt_u_div_i4f:divider|StageOut[41]    ; out0             ;
; |bin2bcd_UD|lpm_divide:Mod0|lpm_divide_h8m:auto_generated|sign_div_unsign_fkh:divider|alt_u_div_i4f:divider|StageOut[40]    ; |bin2bcd_UD|lpm_divide:Mod0|lpm_divide_h8m:auto_generated|sign_div_unsign_fkh:divider|alt_u_div_i4f:divider|StageOut[40]    ; out0             ;
; |bin2bcd_UD|lpm_divide:Mod0|lpm_divide_h8m:auto_generated|sign_div_unsign_fkh:divider|alt_u_div_i4f:divider|StageOut[35]~52 ; |bin2bcd_UD|lpm_divide:Mod0|lpm_divide_h8m:auto_generated|sign_div_unsign_fkh:divider|alt_u_div_i4f:divider|StageOut[35]~52 ; out0             ;
; |bin2bcd_UD|lpm_divide:Mod0|lpm_divide_h8m:auto_generated|sign_div_unsign_fkh:divider|alt_u_div_i4f:divider|StageOut[34]~53 ; |bin2bcd_UD|lpm_divide:Mod0|lpm_divide_h8m:auto_generated|sign_div_unsign_fkh:divider|alt_u_div_i4f:divider|StageOut[34]~53 ; out0             ;
; |bin2bcd_UD|lpm_divide:Mod0|lpm_divide_h8m:auto_generated|sign_div_unsign_fkh:divider|alt_u_div_i4f:divider|StageOut[33]~54 ; |bin2bcd_UD|lpm_divide:Mod0|lpm_divide_h8m:auto_generated|sign_div_unsign_fkh:divider|alt_u_div_i4f:divider|StageOut[33]~54 ; out0             ;
; |bin2bcd_UD|lpm_divide:Mod0|lpm_divide_h8m:auto_generated|sign_div_unsign_fkh:divider|alt_u_div_i4f:divider|StageOut[32]~55 ; |bin2bcd_UD|lpm_divide:Mod0|lpm_divide_h8m:auto_generated|sign_div_unsign_fkh:divider|alt_u_div_i4f:divider|StageOut[32]~55 ; out0             ;
; |bin2bcd_UD|lpm_divide:Mod0|lpm_divide_h8m:auto_generated|sign_div_unsign_fkh:divider|alt_u_div_i4f:divider|StageOut[35]~60 ; |bin2bcd_UD|lpm_divide:Mod0|lpm_divide_h8m:auto_generated|sign_div_unsign_fkh:divider|alt_u_div_i4f:divider|StageOut[35]~60 ; out0             ;
; |bin2bcd_UD|lpm_divide:Mod0|lpm_divide_h8m:auto_generated|sign_div_unsign_fkh:divider|alt_u_div_i4f:divider|StageOut[34]~61 ; |bin2bcd_UD|lpm_divide:Mod0|lpm_divide_h8m:auto_generated|sign_div_unsign_fkh:divider|alt_u_div_i4f:divider|StageOut[34]~61 ; out0             ;
; |bin2bcd_UD|lpm_divide:Mod0|lpm_divide_h8m:auto_generated|sign_div_unsign_fkh:divider|alt_u_div_i4f:divider|StageOut[33]~62 ; |bin2bcd_UD|lpm_divide:Mod0|lpm_divide_h8m:auto_generated|sign_div_unsign_fkh:divider|alt_u_div_i4f:divider|StageOut[33]~62 ; out0             ;
; |bin2bcd_UD|lpm_divide:Mod0|lpm_divide_h8m:auto_generated|sign_div_unsign_fkh:divider|alt_u_div_i4f:divider|StageOut[32]~63 ; |bin2bcd_UD|lpm_divide:Mod0|lpm_divide_h8m:auto_generated|sign_div_unsign_fkh:divider|alt_u_div_i4f:divider|StageOut[32]~63 ; out0             ;
; |bin2bcd_UD|lpm_divide:Mod0|lpm_divide_h8m:auto_generated|sign_div_unsign_fkh:divider|alt_u_div_i4f:divider|StageOut[35]    ; |bin2bcd_UD|lpm_divide:Mod0|lpm_divide_h8m:auto_generated|sign_div_unsign_fkh:divider|alt_u_div_i4f:divider|StageOut[35]    ; out0             ;
; |bin2bcd_UD|lpm_divide:Mod0|lpm_divide_h8m:auto_generated|sign_div_unsign_fkh:divider|alt_u_div_i4f:divider|StageOut[34]    ; |bin2bcd_UD|lpm_divide:Mod0|lpm_divide_h8m:auto_generated|sign_div_unsign_fkh:divider|alt_u_div_i4f:divider|StageOut[34]    ; out0             ;
; |bin2bcd_UD|lpm_divide:Mod0|lpm_divide_h8m:auto_generated|sign_div_unsign_fkh:divider|alt_u_div_i4f:divider|StageOut[33]    ; |bin2bcd_UD|lpm_divide:Mod0|lpm_divide_h8m:auto_generated|sign_div_unsign_fkh:divider|alt_u_div_i4f:divider|StageOut[33]    ; out0             ;
; |bin2bcd_UD|lpm_divide:Mod0|lpm_divide_h8m:auto_generated|sign_div_unsign_fkh:divider|alt_u_div_i4f:divider|StageOut[32]    ; |bin2bcd_UD|lpm_divide:Mod0|lpm_divide_h8m:auto_generated|sign_div_unsign_fkh:divider|alt_u_div_i4f:divider|StageOut[32]    ; out0             ;
; |bin2bcd_UD|lpm_divide:Mod0|lpm_divide_h8m:auto_generated|sign_div_unsign_fkh:divider|alt_u_div_i4f:divider|StageOut[26]~69 ; |bin2bcd_UD|lpm_divide:Mod0|lpm_divide_h8m:auto_generated|sign_div_unsign_fkh:divider|alt_u_div_i4f:divider|StageOut[26]~69 ; out0             ;
; |bin2bcd_UD|lpm_divide:Mod0|lpm_divide_h8m:auto_generated|sign_div_unsign_fkh:divider|alt_u_div_i4f:divider|StageOut[25]~70 ; |bin2bcd_UD|lpm_divide:Mod0|lpm_divide_h8m:auto_generated|sign_div_unsign_fkh:divider|alt_u_div_i4f:divider|StageOut[25]~70 ; out0             ;
; |bin2bcd_UD|lpm_divide:Mod0|lpm_divide_h8m:auto_generated|sign_div_unsign_fkh:divider|alt_u_div_i4f:divider|StageOut[24]~71 ; |bin2bcd_UD|lpm_divide:Mod0|lpm_divide_h8m:auto_generated|sign_div_unsign_fkh:divider|alt_u_div_i4f:divider|StageOut[24]~71 ; out0             ;
; |bin2bcd_UD|lpm_divide:Mod0|lpm_divide_h8m:auto_generated|sign_div_unsign_fkh:divider|alt_u_div_i4f:divider|StageOut[26]    ; |bin2bcd_UD|lpm_divide:Mod0|lpm_divide_h8m:auto_generated|sign_div_unsign_fkh:divider|alt_u_div_i4f:divider|StageOut[26]    ; out0             ;
; |bin2bcd_UD|lpm_divide:Mod0|lpm_divide_h8m:auto_generated|sign_div_unsign_fkh:divider|alt_u_div_i4f:divider|StageOut[25]    ; |bin2bcd_UD|lpm_divide:Mod0|lpm_divide_h8m:auto_generated|sign_div_unsign_fkh:divider|alt_u_div_i4f:divider|StageOut[25]    ; out0             ;
; |bin2bcd_UD|lpm_divide:Mod0|lpm_divide_h8m:auto_generated|sign_div_unsign_fkh:divider|alt_u_div_i4f:divider|StageOut[24]    ; |bin2bcd_UD|lpm_divide:Mod0|lpm_divide_h8m:auto_generated|sign_div_unsign_fkh:divider|alt_u_div_i4f:divider|StageOut[24]    ; out0             ;
; |bin2bcd_UD|lpm_divide:Div0|lpm_divide_agm:auto_generated|sign_div_unsign_bkh:divider|alt_u_div_a4f:divider|StageOut[33]~11 ; |bin2bcd_UD|lpm_divide:Div0|lpm_divide_agm:auto_generated|sign_div_unsign_bkh:divider|alt_u_div_a4f:divider|StageOut[33]~11 ; out0             ;
; |bin2bcd_UD|lpm_divide:Div0|lpm_divide_agm:auto_generated|sign_div_unsign_bkh:divider|alt_u_div_a4f:divider|StageOut[32]~12 ; |bin2bcd_UD|lpm_divide:Div0|lpm_divide_agm:auto_generated|sign_div_unsign_bkh:divider|alt_u_div_a4f:divider|StageOut[32]~12 ; out0             ;
; |bin2bcd_UD|lpm_divide:Div0|lpm_divide_agm:auto_generated|sign_div_unsign_bkh:divider|alt_u_div_a4f:divider|StageOut[31]~13 ; |bin2bcd_UD|lpm_divide:Div0|lpm_divide_agm:auto_generated|sign_div_unsign_bkh:divider|alt_u_div_a4f:divider|StageOut[31]~13 ; out0             ;
; |bin2bcd_UD|lpm_divide:Div0|lpm_divide_agm:auto_generated|sign_div_unsign_bkh:divider|alt_u_div_a4f:divider|StageOut[30]~14 ; |bin2bcd_UD|lpm_divide:Div0|lpm_divide_agm:auto_generated|sign_div_unsign_bkh:divider|alt_u_div_a4f:divider|StageOut[30]~14 ; out0             ;
; |bin2bcd_UD|lpm_divide:Div0|lpm_divide_agm:auto_generated|sign_div_unsign_bkh:divider|alt_u_div_a4f:divider|StageOut[33]~16 ; |bin2bcd_UD|lpm_divide:Div0|lpm_divide_agm:auto_generated|sign_div_unsign_bkh:divider|alt_u_div_a4f:divider|StageOut[33]~16 ; out0             ;
; |bin2bcd_UD|lpm_divide:Div0|lpm_divide_agm:auto_generated|sign_div_unsign_bkh:divider|alt_u_div_a4f:divider|StageOut[32]~17 ; |bin2bcd_UD|lpm_divide:Div0|lpm_divide_agm:auto_generated|sign_div_unsign_bkh:divider|alt_u_div_a4f:divider|StageOut[32]~17 ; out0             ;
; |bin2bcd_UD|lpm_divide:Div0|lpm_divide_agm:auto_generated|sign_div_unsign_bkh:divider|alt_u_div_a4f:divider|StageOut[31]~18 ; |bin2bcd_UD|lpm_divide:Div0|lpm_divide_agm:auto_generated|sign_div_unsign_bkh:divider|alt_u_div_a4f:divider|StageOut[31]~18 ; out0             ;
; |bin2bcd_UD|lpm_divide:Div0|lpm_divide_agm:auto_generated|sign_div_unsign_bkh:divider|alt_u_div_a4f:divider|StageOut[30]~19 ; |bin2bcd_UD|lpm_divide:Div0|lpm_divide_agm:auto_generated|sign_div_unsign_bkh:divider|alt_u_div_a4f:divider|StageOut[30]~19 ; out0             ;
; |bin2bcd_UD|lpm_divide:Div0|lpm_divide_agm:auto_generated|sign_div_unsign_bkh:divider|alt_u_div_a4f:divider|StageOut[33]    ; |bin2bcd_UD|lpm_divide:Div0|lpm_divide_agm:auto_generated|sign_div_unsign_bkh:divider|alt_u_div_a4f:divider|StageOut[33]    ; out0             ;
; |bin2bcd_UD|lpm_divide:Div0|lpm_divide_agm:auto_generated|sign_div_unsign_bkh:divider|alt_u_div_a4f:divider|StageOut[32]    ; |bin2bcd_UD|lpm_divide:Div0|lpm_divide_agm:auto_generated|sign_div_unsign_bkh:divider|alt_u_div_a4f:divider|StageOut[32]    ; out0             ;
; |bin2bcd_UD|lpm_divide:Div0|lpm_divide_agm:auto_generated|sign_div_unsign_bkh:divider|alt_u_div_a4f:divider|StageOut[31]    ; |bin2bcd_UD|lpm_divide:Div0|lpm_divide_agm:auto_generated|sign_div_unsign_bkh:divider|alt_u_div_a4f:divider|StageOut[31]    ; out0             ;
; |bin2bcd_UD|lpm_divide:Div0|lpm_divide_agm:auto_generated|sign_div_unsign_bkh:divider|alt_u_div_a4f:divider|StageOut[30]    ; |bin2bcd_UD|lpm_divide:Div0|lpm_divide_agm:auto_generated|sign_div_unsign_bkh:divider|alt_u_div_a4f:divider|StageOut[30]    ; out0             ;
; |bin2bcd_UD|lpm_divide:Div0|lpm_divide_agm:auto_generated|sign_div_unsign_bkh:divider|alt_u_div_a4f:divider|StageOut[28]~21 ; |bin2bcd_UD|lpm_divide:Div0|lpm_divide_agm:auto_generated|sign_div_unsign_bkh:divider|alt_u_div_a4f:divider|StageOut[28]~21 ; out0             ;
; |bin2bcd_UD|lpm_divide:Div0|lpm_divide_agm:auto_generated|sign_div_unsign_bkh:divider|alt_u_div_a4f:divider|StageOut[27]~22 ; |bin2bcd_UD|lpm_divide:Div0|lpm_divide_agm:auto_generated|sign_div_unsign_bkh:divider|alt_u_div_a4f:divider|StageOut[27]~22 ; out0             ;
; |bin2bcd_UD|lpm_divide:Div0|lpm_divide_agm:auto_generated|sign_div_unsign_bkh:divider|alt_u_div_a4f:divider|StageOut[26]~23 ; |bin2bcd_UD|lpm_divide:Div0|lpm_divide_agm:auto_generated|sign_div_unsign_bkh:divider|alt_u_div_a4f:divider|StageOut[26]~23 ; out0             ;
; |bin2bcd_UD|lpm_divide:Div0|lpm_divide_agm:auto_generated|sign_div_unsign_bkh:divider|alt_u_div_a4f:divider|StageOut[25]~24 ; |bin2bcd_UD|lpm_divide:Div0|lpm_divide_agm:auto_generated|sign_div_unsign_bkh:divider|alt_u_div_a4f:divider|StageOut[25]~24 ; out0             ;
; |bin2bcd_UD|lpm_divide:Div0|lpm_divide_agm:auto_generated|sign_div_unsign_bkh:divider|alt_u_div_a4f:divider|StageOut[28]~26 ; |bin2bcd_UD|lpm_divide:Div0|lpm_divide_agm:auto_generated|sign_div_unsign_bkh:divider|alt_u_div_a4f:divider|StageOut[28]~26 ; out0             ;
; |bin2bcd_UD|lpm_divide:Div0|lpm_divide_agm:auto_generated|sign_div_unsign_bkh:divider|alt_u_div_a4f:divider|StageOut[27]~27 ; |bin2bcd_UD|lpm_divide:Div0|lpm_divide_agm:auto_generated|sign_div_unsign_bkh:divider|alt_u_div_a4f:divider|StageOut[27]~27 ; out0             ;
; |bin2bcd_UD|lpm_divide:Div0|lpm_divide_agm:auto_generated|sign_div_unsign_bkh:divider|alt_u_div_a4f:divider|StageOut[26]~28 ; |bin2bcd_UD|lpm_divide:Div0|lpm_divide_agm:auto_generated|sign_div_unsign_bkh:divider|alt_u_div_a4f:divider|StageOut[26]~28 ; out0             ;
; |bin2bcd_UD|lpm_divide:Div0|lpm_divide_agm:auto_generated|sign_div_unsign_bkh:divider|alt_u_div_a4f:divider|StageOut[25]~29 ; |bin2bcd_UD|lpm_divide:Div0|lpm_divide_agm:auto_generated|sign_div_unsign_bkh:divider|alt_u_div_a4f:divider|StageOut[25]~29 ; out0             ;
; |bin2bcd_UD|lpm_divide:Div0|lpm_divide_agm:auto_generated|sign_div_unsign_bkh:divider|alt_u_div_a4f:divider|StageOut[28]    ; |bin2bcd_UD|lpm_divide:Div0|lpm_divide_agm:auto_generated|sign_div_unsign_bkh:divider|alt_u_div_a4f:divider|StageOut[28]    ; out0             ;
; |bin2bcd_UD|lpm_divide:Div0|lpm_divide_agm:auto_generated|sign_div_unsign_bkh:divider|alt_u_div_a4f:divider|StageOut[27]    ; |bin2bcd_UD|lpm_divide:Div0|lpm_divide_agm:auto_generated|sign_div_unsign_bkh:divider|alt_u_div_a4f:divider|StageOut[27]    ; out0             ;
; |bin2bcd_UD|lpm_divide:Div0|lpm_divide_agm:auto_generated|sign_div_unsign_bkh:divider|alt_u_div_a4f:divider|StageOut[26]    ; |bin2bcd_UD|lpm_divide:Div0|lpm_divide_agm:auto_generated|sign_div_unsign_bkh:divider|alt_u_div_a4f:divider|StageOut[26]    ; out0             ;
; |bin2bcd_UD|lpm_divide:Div0|lpm_divide_agm:auto_generated|sign_div_unsign_bkh:divider|alt_u_div_a4f:divider|StageOut[25]    ; |bin2bcd_UD|lpm_divide:Div0|lpm_divide_agm:auto_generated|sign_div_unsign_bkh:divider|alt_u_div_a4f:divider|StageOut[25]    ; out0             ;
; |bin2bcd_UD|lpm_divide:Div0|lpm_divide_agm:auto_generated|sign_div_unsign_bkh:divider|alt_u_div_a4f:divider|StageOut[23]~31 ; |bin2bcd_UD|lpm_divide:Div0|lpm_divide_agm:auto_generated|sign_div_unsign_bkh:divider|alt_u_div_a4f:divider|StageOut[23]~31 ; out0             ;
; |bin2bcd_UD|lpm_divide:Div0|lpm_divide_agm:auto_generated|sign_div_unsign_bkh:divider|alt_u_div_a4f:divider|StageOut[22]~32 ; |bin2bcd_UD|lpm_divide:Div0|lpm_divide_agm:auto_generated|sign_div_unsign_bkh:divider|alt_u_div_a4f:divider|StageOut[22]~32 ; out0             ;
; |bin2bcd_UD|lpm_divide:Div0|lpm_divide_agm:auto_generated|sign_div_unsign_bkh:divider|alt_u_div_a4f:divider|StageOut[21]~33 ; |bin2bcd_UD|lpm_divide:Div0|lpm_divide_agm:auto_generated|sign_div_unsign_bkh:divider|alt_u_div_a4f:divider|StageOut[21]~33 ; out0             ;
; |bin2bcd_UD|lpm_divide:Div0|lpm_divide_agm:auto_generated|sign_div_unsign_bkh:divider|alt_u_div_a4f:divider|StageOut[20]~34 ; |bin2bcd_UD|lpm_divide:Div0|lpm_divide_agm:auto_generated|sign_div_unsign_bkh:divider|alt_u_div_a4f:divider|StageOut[20]~34 ; out0             ;
; |bin2bcd_UD|lpm_divide:Div0|lpm_divide_agm:auto_generated|sign_div_unsign_bkh:divider|alt_u_div_a4f:divider|StageOut[23]~36 ; |bin2bcd_UD|lpm_divide:Div0|lpm_divide_agm:auto_generated|sign_div_unsign_bkh:divider|alt_u_div_a4f:divider|StageOut[23]~36 ; out0             ;
; |bin2bcd_UD|lpm_divide:Div0|lpm_divide_agm:auto_generated|sign_div_unsign_bkh:divider|alt_u_div_a4f:divider|StageOut[22]~37 ; |bin2bcd_UD|lpm_divide:Div0|lpm_divide_agm:auto_generated|sign_div_unsign_bkh:divider|alt_u_div_a4f:divider|StageOut[22]~37 ; out0             ;
; |bin2bcd_UD|lpm_divide:Div0|lpm_divide_agm:auto_generated|sign_div_unsign_bkh:divider|alt_u_div_a4f:divider|StageOut[21]~38 ; |bin2bcd_UD|lpm_divide:Div0|lpm_divide_agm:auto_generated|sign_div_unsign_bkh:divider|alt_u_div_a4f:divider|StageOut[21]~38 ; out0             ;
; |bin2bcd_UD|lpm_divide:Div0|lpm_divide_agm:auto_generated|sign_div_unsign_bkh:divider|alt_u_div_a4f:divider|StageOut[20]~39 ; |bin2bcd_UD|lpm_divide:Div0|lpm_divide_agm:auto_generated|sign_div_unsign_bkh:divider|alt_u_div_a4f:divider|StageOut[20]~39 ; out0             ;
; |bin2bcd_UD|lpm_divide:Div0|lpm_divide_agm:auto_generated|sign_div_unsign_bkh:divider|alt_u_div_a4f:divider|StageOut[23]    ; |bin2bcd_UD|lpm_divide:Div0|lpm_divide_agm:auto_generated|sign_div_unsign_bkh:divider|alt_u_div_a4f:divider|StageOut[23]    ; out0             ;
; |bin2bcd_UD|lpm_divide:Div0|lpm_divide_agm:auto_generated|sign_div_unsign_bkh:divider|alt_u_div_a4f:divider|StageOut[22]    ; |bin2bcd_UD|lpm_divide:Div0|lpm_divide_agm:auto_generated|sign_div_unsign_bkh:divider|alt_u_div_a4f:divider|StageOut[22]    ; out0             ;
; |bin2bcd_UD|lpm_divide:Div0|lpm_divide_agm:auto_generated|sign_div_unsign_bkh:divider|alt_u_div_a4f:divider|StageOut[21]    ; |bin2bcd_UD|lpm_divide:Div0|lpm_divide_agm:auto_generated|sign_div_unsign_bkh:divider|alt_u_div_a4f:divider|StageOut[21]    ; out0             ;
; |bin2bcd_UD|lpm_divide:Div0|lpm_divide_agm:auto_generated|sign_div_unsign_bkh:divider|alt_u_div_a4f:divider|StageOut[20]    ; |bin2bcd_UD|lpm_divide:Div0|lpm_divide_agm:auto_generated|sign_div_unsign_bkh:divider|alt_u_div_a4f:divider|StageOut[20]    ; out0             ;
; |bin2bcd_UD|lpm_divide:Div0|lpm_divide_agm:auto_generated|sign_div_unsign_bkh:divider|alt_u_div_a4f:divider|StageOut[17]~42 ; |bin2bcd_UD|lpm_divide:Div0|lpm_divide_agm:auto_generated|sign_div_unsign_bkh:divider|alt_u_div_a4f:divider|StageOut[17]~42 ; out0             ;
; |bin2bcd_UD|lpm_divide:Div0|lpm_divide_agm:auto_generated|sign_div_unsign_bkh:divider|alt_u_div_a4f:divider|StageOut[16]~43 ; |bin2bcd_UD|lpm_divide:Div0|lpm_divide_agm:auto_generated|sign_div_unsign_bkh:divider|alt_u_div_a4f:divider|StageOut[16]~43 ; out0             ;
; |bin2bcd_UD|lpm_divide:Div0|lpm_divide_agm:auto_generated|sign_div_unsign_bkh:divider|alt_u_div_a4f:divider|StageOut[15]~44 ; |bin2bcd_UD|lpm_divide:Div0|lpm_divide_agm:auto_generated|sign_div_unsign_bkh:divider|alt_u_div_a4f:divider|StageOut[15]~44 ; out0             ;
; |bin2bcd_UD|lpm_divide:Div0|lpm_divide_agm:auto_generated|sign_div_unsign_bkh:divider|alt_u_div_a4f:divider|StageOut[17]    ; |bin2bcd_UD|lpm_divide:Div0|lpm_divide_agm:auto_generated|sign_div_unsign_bkh:divider|alt_u_div_a4f:divider|StageOut[17]    ; out0             ;
; |bin2bcd_UD|lpm_divide:Div0|lpm_divide_agm:auto_generated|sign_div_unsign_bkh:divider|alt_u_div_a4f:divider|StageOut[16]    ; |bin2bcd_UD|lpm_divide:Div0|lpm_divide_agm:auto_generated|sign_div_unsign_bkh:divider|alt_u_div_a4f:divider|StageOut[16]    ; out0             ;
; |bin2bcd_UD|lpm_divide:Div0|lpm_divide_agm:auto_generated|sign_div_unsign_bkh:divider|alt_u_div_a4f:divider|StageOut[15]    ; |bin2bcd_UD|lpm_divide:Div0|lpm_divide_agm:auto_generated|sign_div_unsign_bkh:divider|alt_u_div_a4f:divider|StageOut[15]    ; out0             ;
; |bin2bcd_UD|lpm_divide:Mod0|lpm_divide_h8m:auto_generated|sign_div_unsign_fkh:divider|alt_u_div_i4f:divider|op_2~0          ; |bin2bcd_UD|lpm_divide:Mod0|lpm_divide_h8m:auto_generated|sign_div_unsign_fkh:divider|alt_u_div_i4f:divider|op_2~0          ; out0             ;
; |bin2bcd_UD|lpm_divide:Mod0|lpm_divide_h8m:auto_generated|sign_div_unsign_fkh:divider|alt_u_div_i4f:divider|op_2~1          ; |bin2bcd_UD|lpm_divide:Mod0|lpm_divide_h8m:auto_generated|sign_div_unsign_fkh:divider|alt_u_div_i4f:divider|op_2~1          ; out0             ;
; |bin2bcd_UD|lpm_divide:Mod0|lpm_divide_h8m:auto_generated|sign_div_unsign_fkh:divider|alt_u_div_i4f:divider|op_2~3          ; |bin2bcd_UD|lpm_divide:Mod0|lpm_divide_h8m:auto_generated|sign_div_unsign_fkh:divider|alt_u_div_i4f:divider|op_2~3          ; out0             ;
; |bin2bcd_UD|lpm_divide:Mod0|lpm_divide_h8m:auto_generated|sign_div_unsign_fkh:divider|alt_u_div_i4f:divider|op_3~0          ; |bin2bcd_UD|lpm_divide:Mod0|lpm_divide_h8m:auto_generated|sign_div_unsign_fkh:divider|alt_u_div_i4f:divider|op_3~0          ; out0             ;
; |bin2bcd_UD|lpm_divide:Mod0|lpm_divide_h8m:auto_generated|sign_div_unsign_fkh:divider|alt_u_div_i4f:divider|op_3~1          ; |bin2bcd_UD|lpm_divide:Mod0|lpm_divide_h8m:auto_generated|sign_div_unsign_fkh:divider|alt_u_div_i4f:divider|op_3~1          ; out0             ;
; |bin2bcd_UD|lpm_divide:Mod0|lpm_divide_h8m:auto_generated|sign_div_unsign_fkh:divider|alt_u_div_i4f:divider|op_3~2          ; |bin2bcd_UD|lpm_divide:Mod0|lpm_divide_h8m:auto_generated|sign_div_unsign_fkh:divider|alt_u_div_i4f:divider|op_3~2          ; out0             ;
; |bin2bcd_UD|lpm_divide:Mod0|lpm_divide_h8m:auto_generated|sign_div_unsign_fkh:divider|alt_u_div_i4f:divider|op_3~3          ; |bin2bcd_UD|lpm_divide:Mod0|lpm_divide_h8m:auto_generated|sign_div_unsign_fkh:divider|alt_u_div_i4f:divider|op_3~3          ; out0             ;
; |bin2bcd_UD|lpm_divide:Mod0|lpm_divide_h8m:auto_generated|sign_div_unsign_fkh:divider|alt_u_div_i4f:divider|op_3~4          ; |bin2bcd_UD|lpm_divide:Mod0|lpm_divide_h8m:auto_generated|sign_div_unsign_fkh:divider|alt_u_div_i4f:divider|op_3~4          ; out0             ;
; |bin2bcd_UD|lpm_divide:Mod0|lpm_divide_h8m:auto_generated|sign_div_unsign_fkh:divider|alt_u_div_i4f:divider|op_3~5          ; |bin2bcd_UD|lpm_divide:Mod0|lpm_divide_h8m:auto_generated|sign_div_unsign_fkh:divider|alt_u_div_i4f:divider|op_3~5          ; out0             ;
; |bin2bcd_UD|lpm_divide:Mod0|lpm_divide_h8m:auto_generated|sign_div_unsign_fkh:divider|alt_u_div_i4f:divider|op_3~6          ; |bin2bcd_UD|lpm_divide:Mod0|lpm_divide_h8m:auto_generated|sign_div_unsign_fkh:divider|alt_u_div_i4f:divider|op_3~6          ; out0             ;
; |bin2bcd_UD|lpm_divide:Mod0|lpm_divide_h8m:auto_generated|sign_div_unsign_fkh:divider|alt_u_div_i4f:divider|op_4~0          ; |bin2bcd_UD|lpm_divide:Mod0|lpm_divide_h8m:auto_generated|sign_div_unsign_fkh:divider|alt_u_div_i4f:divider|op_4~0          ; out0             ;
; |bin2bcd_UD|lpm_divide:Mod0|lpm_divide_h8m:auto_generated|sign_div_unsign_fkh:divider|alt_u_div_i4f:divider|op_4~1          ; |bin2bcd_UD|lpm_divide:Mod0|lpm_divide_h8m:auto_generated|sign_div_unsign_fkh:divider|alt_u_div_i4f:divider|op_4~1          ; out0             ;
; |bin2bcd_UD|lpm_divide:Mod0|lpm_divide_h8m:auto_generated|sign_div_unsign_fkh:divider|alt_u_div_i4f:divider|op_4~2          ; |bin2bcd_UD|lpm_divide:Mod0|lpm_divide_h8m:auto_generated|sign_div_unsign_fkh:divider|alt_u_div_i4f:divider|op_4~2          ; out0             ;
; |bin2bcd_UD|lpm_divide:Mod0|lpm_divide_h8m:auto_generated|sign_div_unsign_fkh:divider|alt_u_div_i4f:divider|op_4~3          ; |bin2bcd_UD|lpm_divide:Mod0|lpm_divide_h8m:auto_generated|sign_div_unsign_fkh:divider|alt_u_div_i4f:divider|op_4~3          ; out0             ;
; |bin2bcd_UD|lpm_divide:Mod0|lpm_divide_h8m:auto_generated|sign_div_unsign_fkh:divider|alt_u_div_i4f:divider|op_4~4          ; |bin2bcd_UD|lpm_divide:Mod0|lpm_divide_h8m:auto_generated|sign_div_unsign_fkh:divider|alt_u_div_i4f:divider|op_4~4          ; out0             ;
; |bin2bcd_UD|lpm_divide:Mod0|lpm_divide_h8m:auto_generated|sign_div_unsign_fkh:divider|alt_u_div_i4f:divider|op_4~5          ; |bin2bcd_UD|lpm_divide:Mod0|lpm_divide_h8m:auto_generated|sign_div_unsign_fkh:divider|alt_u_div_i4f:divider|op_4~5          ; out0             ;
; |bin2bcd_UD|lpm_divide:Mod0|lpm_divide_h8m:auto_generated|sign_div_unsign_fkh:divider|alt_u_div_i4f:divider|op_4~6          ; |bin2bcd_UD|lpm_divide:Mod0|lpm_divide_h8m:auto_generated|sign_div_unsign_fkh:divider|alt_u_div_i4f:divider|op_4~6          ; out0             ;
; |bin2bcd_UD|lpm_divide:Mod0|lpm_divide_h8m:auto_generated|sign_div_unsign_fkh:divider|alt_u_div_i4f:divider|op_4~7          ; |bin2bcd_UD|lpm_divide:Mod0|lpm_divide_h8m:auto_generated|sign_div_unsign_fkh:divider|alt_u_div_i4f:divider|op_4~7          ; out0             ;
; |bin2bcd_UD|lpm_divide:Mod0|lpm_divide_h8m:auto_generated|sign_div_unsign_fkh:divider|alt_u_div_i4f:divider|op_4~8          ; |bin2bcd_UD|lpm_divide:Mod0|lpm_divide_h8m:auto_generated|sign_div_unsign_fkh:divider|alt_u_div_i4f:divider|op_4~8          ; out0             ;
; |bin2bcd_UD|lpm_divide:Mod0|lpm_divide_h8m:auto_generated|sign_div_unsign_fkh:divider|alt_u_div_i4f:divider|op_4~9          ; |bin2bcd_UD|lpm_divide:Mod0|lpm_divide_h8m:auto_generated|sign_div_unsign_fkh:divider|alt_u_div_i4f:divider|op_4~9          ; out0             ;
; |bin2bcd_UD|lpm_divide:Mod0|lpm_divide_h8m:auto_generated|sign_div_unsign_fkh:divider|alt_u_div_i4f:divider|op_5~0          ; |bin2bcd_UD|lpm_divide:Mod0|lpm_divide_h8m:auto_generated|sign_div_unsign_fkh:divider|alt_u_div_i4f:divider|op_5~0          ; out0             ;
; |bin2bcd_UD|lpm_divide:Mod0|lpm_divide_h8m:auto_generated|sign_div_unsign_fkh:divider|alt_u_div_i4f:divider|op_5~1          ; |bin2bcd_UD|lpm_divide:Mod0|lpm_divide_h8m:auto_generated|sign_div_unsign_fkh:divider|alt_u_div_i4f:divider|op_5~1          ; out0             ;
; |bin2bcd_UD|lpm_divide:Mod0|lpm_divide_h8m:auto_generated|sign_div_unsign_fkh:divider|alt_u_div_i4f:divider|op_5~2          ; |bin2bcd_UD|lpm_divide:Mod0|lpm_divide_h8m:auto_generated|sign_div_unsign_fkh:divider|alt_u_div_i4f:divider|op_5~2          ; out0             ;
; |bin2bcd_UD|lpm_divide:Mod0|lpm_divide_h8m:auto_generated|sign_div_unsign_fkh:divider|alt_u_div_i4f:divider|op_5~3          ; |bin2bcd_UD|lpm_divide:Mod0|lpm_divide_h8m:auto_generated|sign_div_unsign_fkh:divider|alt_u_div_i4f:divider|op_5~3          ; out0             ;
; |bin2bcd_UD|lpm_divide:Mod0|lpm_divide_h8m:auto_generated|sign_div_unsign_fkh:divider|alt_u_div_i4f:divider|op_5~4          ; |bin2bcd_UD|lpm_divide:Mod0|lpm_divide_h8m:auto_generated|sign_div_unsign_fkh:divider|alt_u_div_i4f:divider|op_5~4          ; out0             ;
; |bin2bcd_UD|lpm_divide:Mod0|lpm_divide_h8m:auto_generated|sign_div_unsign_fkh:divider|alt_u_div_i4f:divider|op_5~5          ; |bin2bcd_UD|lpm_divide:Mod0|lpm_divide_h8m:auto_generated|sign_div_unsign_fkh:divider|alt_u_div_i4f:divider|op_5~5          ; out0             ;
; |bin2bcd_UD|lpm_divide:Mod0|lpm_divide_h8m:auto_generated|sign_div_unsign_fkh:divider|alt_u_div_i4f:divider|op_5~6          ; |bin2bcd_UD|lpm_divide:Mod0|lpm_divide_h8m:auto_generated|sign_div_unsign_fkh:divider|alt_u_div_i4f:divider|op_5~6          ; out0             ;
; |bin2bcd_UD|lpm_divide:Mod0|lpm_divide_h8m:auto_generated|sign_div_unsign_fkh:divider|alt_u_div_i4f:divider|op_5~7          ; |bin2bcd_UD|lpm_divide:Mod0|lpm_divide_h8m:auto_generated|sign_div_unsign_fkh:divider|alt_u_div_i4f:divider|op_5~7          ; out0             ;
; |bin2bcd_UD|lpm_divide:Mod0|lpm_divide_h8m:auto_generated|sign_div_unsign_fkh:divider|alt_u_div_i4f:divider|op_5~8          ; |bin2bcd_UD|lpm_divide:Mod0|lpm_divide_h8m:auto_generated|sign_div_unsign_fkh:divider|alt_u_div_i4f:divider|op_5~8          ; out0             ;
; |bin2bcd_UD|lpm_divide:Mod0|lpm_divide_h8m:auto_generated|sign_div_unsign_fkh:divider|alt_u_div_i4f:divider|op_5~9          ; |bin2bcd_UD|lpm_divide:Mod0|lpm_divide_h8m:auto_generated|sign_div_unsign_fkh:divider|alt_u_div_i4f:divider|op_5~9          ; out0             ;
; |bin2bcd_UD|lpm_divide:Mod0|lpm_divide_h8m:auto_generated|sign_div_unsign_fkh:divider|alt_u_div_i4f:divider|op_5~10         ; |bin2bcd_UD|lpm_divide:Mod0|lpm_divide_h8m:auto_generated|sign_div_unsign_fkh:divider|alt_u_div_i4f:divider|op_5~10         ; out0             ;
; |bin2bcd_UD|lpm_divide:Mod0|lpm_divide_h8m:auto_generated|sign_div_unsign_fkh:divider|alt_u_div_i4f:divider|op_5~11         ; |bin2bcd_UD|lpm_divide:Mod0|lpm_divide_h8m:auto_generated|sign_div_unsign_fkh:divider|alt_u_div_i4f:divider|op_5~11         ; out0             ;
; |bin2bcd_UD|lpm_divide:Mod0|lpm_divide_h8m:auto_generated|sign_div_unsign_fkh:divider|alt_u_div_i4f:divider|op_5~12         ; |bin2bcd_UD|lpm_divide:Mod0|lpm_divide_h8m:auto_generated|sign_div_unsign_fkh:divider|alt_u_div_i4f:divider|op_5~12         ; out0             ;
; |bin2bcd_UD|lpm_divide:Mod0|lpm_divide_h8m:auto_generated|sign_div_unsign_fkh:divider|alt_u_div_i4f:divider|op_6~0          ; |bin2bcd_UD|lpm_divide:Mod0|lpm_divide_h8m:auto_generated|sign_div_unsign_fkh:divider|alt_u_div_i4f:divider|op_6~0          ; out0             ;
; |bin2bcd_UD|lpm_divide:Mod0|lpm_divide_h8m:auto_generated|sign_div_unsign_fkh:divider|alt_u_div_i4f:divider|op_6~1          ; |bin2bcd_UD|lpm_divide:Mod0|lpm_divide_h8m:auto_generated|sign_div_unsign_fkh:divider|alt_u_div_i4f:divider|op_6~1          ; out0             ;
; |bin2bcd_UD|lpm_divide:Mod0|lpm_divide_h8m:auto_generated|sign_div_unsign_fkh:divider|alt_u_div_i4f:divider|op_6~2          ; |bin2bcd_UD|lpm_divide:Mod0|lpm_divide_h8m:auto_generated|sign_div_unsign_fkh:divider|alt_u_div_i4f:divider|op_6~2          ; out0             ;
; |bin2bcd_UD|lpm_divide:Mod0|lpm_divide_h8m:auto_generated|sign_div_unsign_fkh:divider|alt_u_div_i4f:divider|op_6~3          ; |bin2bcd_UD|lpm_divide:Mod0|lpm_divide_h8m:auto_generated|sign_div_unsign_fkh:divider|alt_u_div_i4f:divider|op_6~3          ; out0             ;
; |bin2bcd_UD|lpm_divide:Mod0|lpm_divide_h8m:auto_generated|sign_div_unsign_fkh:divider|alt_u_div_i4f:divider|op_6~4          ; |bin2bcd_UD|lpm_divide:Mod0|lpm_divide_h8m:auto_generated|sign_div_unsign_fkh:divider|alt_u_div_i4f:divider|op_6~4          ; out0             ;
; |bin2bcd_UD|lpm_divide:Mod0|lpm_divide_h8m:auto_generated|sign_div_unsign_fkh:divider|alt_u_div_i4f:divider|op_6~5          ; |bin2bcd_UD|lpm_divide:Mod0|lpm_divide_h8m:auto_generated|sign_div_unsign_fkh:divider|alt_u_div_i4f:divider|op_6~5          ; out0             ;
; |bin2bcd_UD|lpm_divide:Mod0|lpm_divide_h8m:auto_generated|sign_div_unsign_fkh:divider|alt_u_div_i4f:divider|op_6~6          ; |bin2bcd_UD|lpm_divide:Mod0|lpm_divide_h8m:auto_generated|sign_div_unsign_fkh:divider|alt_u_div_i4f:divider|op_6~6          ; out0             ;
; |bin2bcd_UD|lpm_divide:Mod0|lpm_divide_h8m:auto_generated|sign_div_unsign_fkh:divider|alt_u_div_i4f:divider|op_6~7          ; |bin2bcd_UD|lpm_divide:Mod0|lpm_divide_h8m:auto_generated|sign_div_unsign_fkh:divider|alt_u_div_i4f:divider|op_6~7          ; out0             ;
; |bin2bcd_UD|lpm_divide:Mod0|lpm_divide_h8m:auto_generated|sign_div_unsign_fkh:divider|alt_u_div_i4f:divider|op_6~8          ; |bin2bcd_UD|lpm_divide:Mod0|lpm_divide_h8m:auto_generated|sign_div_unsign_fkh:divider|alt_u_div_i4f:divider|op_6~8          ; out0             ;
; |bin2bcd_UD|lpm_divide:Mod0|lpm_divide_h8m:auto_generated|sign_div_unsign_fkh:divider|alt_u_div_i4f:divider|op_6~9          ; |bin2bcd_UD|lpm_divide:Mod0|lpm_divide_h8m:auto_generated|sign_div_unsign_fkh:divider|alt_u_div_i4f:divider|op_6~9          ; out0             ;
; |bin2bcd_UD|lpm_divide:Mod0|lpm_divide_h8m:auto_generated|sign_div_unsign_fkh:divider|alt_u_div_i4f:divider|op_6~10         ; |bin2bcd_UD|lpm_divide:Mod0|lpm_divide_h8m:auto_generated|sign_div_unsign_fkh:divider|alt_u_div_i4f:divider|op_6~10         ; out0             ;
; |bin2bcd_UD|lpm_divide:Mod0|lpm_divide_h8m:auto_generated|sign_div_unsign_fkh:divider|alt_u_div_i4f:divider|op_6~11         ; |bin2bcd_UD|lpm_divide:Mod0|lpm_divide_h8m:auto_generated|sign_div_unsign_fkh:divider|alt_u_div_i4f:divider|op_6~11         ; out0             ;
; |bin2bcd_UD|lpm_divide:Div0|lpm_divide_agm:auto_generated|sign_div_unsign_bkh:divider|alt_u_div_a4f:divider|op_2~0          ; |bin2bcd_UD|lpm_divide:Div0|lpm_divide_agm:auto_generated|sign_div_unsign_bkh:divider|alt_u_div_a4f:divider|op_2~0          ; out0             ;
; |bin2bcd_UD|lpm_divide:Div0|lpm_divide_agm:auto_generated|sign_div_unsign_bkh:divider|alt_u_div_a4f:divider|op_2~1          ; |bin2bcd_UD|lpm_divide:Div0|lpm_divide_agm:auto_generated|sign_div_unsign_bkh:divider|alt_u_div_a4f:divider|op_2~1          ; out0             ;
; |bin2bcd_UD|lpm_divide:Div0|lpm_divide_agm:auto_generated|sign_div_unsign_bkh:divider|alt_u_div_a4f:divider|op_2~3          ; |bin2bcd_UD|lpm_divide:Div0|lpm_divide_agm:auto_generated|sign_div_unsign_bkh:divider|alt_u_div_a4f:divider|op_2~3          ; out0             ;
; |bin2bcd_UD|lpm_divide:Div0|lpm_divide_agm:auto_generated|sign_div_unsign_bkh:divider|alt_u_div_a4f:divider|op_3~0          ; |bin2bcd_UD|lpm_divide:Div0|lpm_divide_agm:auto_generated|sign_div_unsign_bkh:divider|alt_u_div_a4f:divider|op_3~0          ; out0             ;
; |bin2bcd_UD|lpm_divide:Div0|lpm_divide_agm:auto_generated|sign_div_unsign_bkh:divider|alt_u_div_a4f:divider|op_3~1          ; |bin2bcd_UD|lpm_divide:Div0|lpm_divide_agm:auto_generated|sign_div_unsign_bkh:divider|alt_u_div_a4f:divider|op_3~1          ; out0             ;
; |bin2bcd_UD|lpm_divide:Div0|lpm_divide_agm:auto_generated|sign_div_unsign_bkh:divider|alt_u_div_a4f:divider|op_3~2          ; |bin2bcd_UD|lpm_divide:Div0|lpm_divide_agm:auto_generated|sign_div_unsign_bkh:divider|alt_u_div_a4f:divider|op_3~2          ; out0             ;
; |bin2bcd_UD|lpm_divide:Div0|lpm_divide_agm:auto_generated|sign_div_unsign_bkh:divider|alt_u_div_a4f:divider|op_3~3          ; |bin2bcd_UD|lpm_divide:Div0|lpm_divide_agm:auto_generated|sign_div_unsign_bkh:divider|alt_u_div_a4f:divider|op_3~3          ; out0             ;
; |bin2bcd_UD|lpm_divide:Div0|lpm_divide_agm:auto_generated|sign_div_unsign_bkh:divider|alt_u_div_a4f:divider|op_3~4          ; |bin2bcd_UD|lpm_divide:Div0|lpm_divide_agm:auto_generated|sign_div_unsign_bkh:divider|alt_u_div_a4f:divider|op_3~4          ; out0             ;
; |bin2bcd_UD|lpm_divide:Div0|lpm_divide_agm:auto_generated|sign_div_unsign_bkh:divider|alt_u_div_a4f:divider|op_3~5          ; |bin2bcd_UD|lpm_divide:Div0|lpm_divide_agm:auto_generated|sign_div_unsign_bkh:divider|alt_u_div_a4f:divider|op_3~5          ; out0             ;
; |bin2bcd_UD|lpm_divide:Div0|lpm_divide_agm:auto_generated|sign_div_unsign_bkh:divider|alt_u_div_a4f:divider|op_4~0          ; |bin2bcd_UD|lpm_divide:Div0|lpm_divide_agm:auto_generated|sign_div_unsign_bkh:divider|alt_u_div_a4f:divider|op_4~0          ; out0             ;
; |bin2bcd_UD|lpm_divide:Div0|lpm_divide_agm:auto_generated|sign_div_unsign_bkh:divider|alt_u_div_a4f:divider|op_4~1          ; |bin2bcd_UD|lpm_divide:Div0|lpm_divide_agm:auto_generated|sign_div_unsign_bkh:divider|alt_u_div_a4f:divider|op_4~1          ; out0             ;
; |bin2bcd_UD|lpm_divide:Div0|lpm_divide_agm:auto_generated|sign_div_unsign_bkh:divider|alt_u_div_a4f:divider|op_4~2          ; |bin2bcd_UD|lpm_divide:Div0|lpm_divide_agm:auto_generated|sign_div_unsign_bkh:divider|alt_u_div_a4f:divider|op_4~2          ; out0             ;
; |bin2bcd_UD|lpm_divide:Div0|lpm_divide_agm:auto_generated|sign_div_unsign_bkh:divider|alt_u_div_a4f:divider|op_4~3          ; |bin2bcd_UD|lpm_divide:Div0|lpm_divide_agm:auto_generated|sign_div_unsign_bkh:divider|alt_u_div_a4f:divider|op_4~3          ; out0             ;
; |bin2bcd_UD|lpm_divide:Div0|lpm_divide_agm:auto_generated|sign_div_unsign_bkh:divider|alt_u_div_a4f:divider|op_4~4          ; |bin2bcd_UD|lpm_divide:Div0|lpm_divide_agm:auto_generated|sign_div_unsign_bkh:divider|alt_u_div_a4f:divider|op_4~4          ; out0             ;
; |bin2bcd_UD|lpm_divide:Div0|lpm_divide_agm:auto_generated|sign_div_unsign_bkh:divider|alt_u_div_a4f:divider|op_4~5          ; |bin2bcd_UD|lpm_divide:Div0|lpm_divide_agm:auto_generated|sign_div_unsign_bkh:divider|alt_u_div_a4f:divider|op_4~5          ; out0             ;
; |bin2bcd_UD|lpm_divide:Div0|lpm_divide_agm:auto_generated|sign_div_unsign_bkh:divider|alt_u_div_a4f:divider|op_4~6          ; |bin2bcd_UD|lpm_divide:Div0|lpm_divide_agm:auto_generated|sign_div_unsign_bkh:divider|alt_u_div_a4f:divider|op_4~6          ; out0             ;
; |bin2bcd_UD|lpm_divide:Div0|lpm_divide_agm:auto_generated|sign_div_unsign_bkh:divider|alt_u_div_a4f:divider|op_5~0          ; |bin2bcd_UD|lpm_divide:Div0|lpm_divide_agm:auto_generated|sign_div_unsign_bkh:divider|alt_u_div_a4f:divider|op_5~0          ; out0             ;
; |bin2bcd_UD|lpm_divide:Div0|lpm_divide_agm:auto_generated|sign_div_unsign_bkh:divider|alt_u_div_a4f:divider|op_5~1          ; |bin2bcd_UD|lpm_divide:Div0|lpm_divide_agm:auto_generated|sign_div_unsign_bkh:divider|alt_u_div_a4f:divider|op_5~1          ; out0             ;
; |bin2bcd_UD|lpm_divide:Div0|lpm_divide_agm:auto_generated|sign_div_unsign_bkh:divider|alt_u_div_a4f:divider|op_5~2          ; |bin2bcd_UD|lpm_divide:Div0|lpm_divide_agm:auto_generated|sign_div_unsign_bkh:divider|alt_u_div_a4f:divider|op_5~2          ; out0             ;
; |bin2bcd_UD|lpm_divide:Div0|lpm_divide_agm:auto_generated|sign_div_unsign_bkh:divider|alt_u_div_a4f:divider|op_5~3          ; |bin2bcd_UD|lpm_divide:Div0|lpm_divide_agm:auto_generated|sign_div_unsign_bkh:divider|alt_u_div_a4f:divider|op_5~3          ; out0             ;
; |bin2bcd_UD|lpm_divide:Div0|lpm_divide_agm:auto_generated|sign_div_unsign_bkh:divider|alt_u_div_a4f:divider|op_5~4          ; |bin2bcd_UD|lpm_divide:Div0|lpm_divide_agm:auto_generated|sign_div_unsign_bkh:divider|alt_u_div_a4f:divider|op_5~4          ; out0             ;
; |bin2bcd_UD|lpm_divide:Div0|lpm_divide_agm:auto_generated|sign_div_unsign_bkh:divider|alt_u_div_a4f:divider|op_5~5          ; |bin2bcd_UD|lpm_divide:Div0|lpm_divide_agm:auto_generated|sign_div_unsign_bkh:divider|alt_u_div_a4f:divider|op_5~5          ; out0             ;
; |bin2bcd_UD|lpm_divide:Div0|lpm_divide_agm:auto_generated|sign_div_unsign_bkh:divider|alt_u_div_a4f:divider|op_5~6          ; |bin2bcd_UD|lpm_divide:Div0|lpm_divide_agm:auto_generated|sign_div_unsign_bkh:divider|alt_u_div_a4f:divider|op_5~6          ; out0             ;
; |bin2bcd_UD|lpm_divide:Div0|lpm_divide_agm:auto_generated|sign_div_unsign_bkh:divider|alt_u_div_a4f:divider|op_6~0          ; |bin2bcd_UD|lpm_divide:Div0|lpm_divide_agm:auto_generated|sign_div_unsign_bkh:divider|alt_u_div_a4f:divider|op_6~0          ; out0             ;
; |bin2bcd_UD|lpm_divide:Div0|lpm_divide_agm:auto_generated|sign_div_unsign_bkh:divider|alt_u_div_a4f:divider|op_6~1          ; |bin2bcd_UD|lpm_divide:Div0|lpm_divide_agm:auto_generated|sign_div_unsign_bkh:divider|alt_u_div_a4f:divider|op_6~1          ; out0             ;
; |bin2bcd_UD|lpm_divide:Div0|lpm_divide_agm:auto_generated|sign_div_unsign_bkh:divider|alt_u_div_a4f:divider|op_6~2          ; |bin2bcd_UD|lpm_divide:Div0|lpm_divide_agm:auto_generated|sign_div_unsign_bkh:divider|alt_u_div_a4f:divider|op_6~2          ; out0             ;
; |bin2bcd_UD|lpm_divide:Div0|lpm_divide_agm:auto_generated|sign_div_unsign_bkh:divider|alt_u_div_a4f:divider|op_6~3          ; |bin2bcd_UD|lpm_divide:Div0|lpm_divide_agm:auto_generated|sign_div_unsign_bkh:divider|alt_u_div_a4f:divider|op_6~3          ; out0             ;
; |bin2bcd_UD|lpm_divide:Div0|lpm_divide_agm:auto_generated|sign_div_unsign_bkh:divider|alt_u_div_a4f:divider|op_6~4          ; |bin2bcd_UD|lpm_divide:Div0|lpm_divide_agm:auto_generated|sign_div_unsign_bkh:divider|alt_u_div_a4f:divider|op_6~4          ; out0             ;
+-----------------------------------------------------------------------------------------------------------------------------+-----------------------------------------------------------------------------------------------------------------------------+------------------+


The following table displays output ports that do not toggle to 1 during simulation.
+------------------------------------------------------------------------------------------------------------------------------------------------------------------------------------------------------------------------------------------------------------------------------+
; Missing 1-Value Coverage                                                                                                                                                                                                                                                     ;
+-----------------------------------------------------------------------------------------------------------------------------+-----------------------------------------------------------------------------------------------------------------------------+------------------+
; Node Name                                                                                                                   ; Output Port Name                                                                                                            ; Output Port Type ;
+-----------------------------------------------------------------------------------------------------------------------------+-----------------------------------------------------------------------------------------------------------------------------+------------------+
; |bin2bcd_UD|X_bin[7]                                                                                                        ; |bin2bcd_UD|X_bin[7]                                                                                                        ; out              ;
; |bin2bcd_UD|lpm_divide:Mod0|lpm_divide_h8m:auto_generated|sign_div_unsign_fkh:divider|alt_u_div_i4f:divider|StageOut[54]~17 ; |bin2bcd_UD|lpm_divide:Mod0|lpm_divide_h8m:auto_generated|sign_div_unsign_fkh:divider|alt_u_div_i4f:divider|StageOut[54]~17 ; out0             ;
; |bin2bcd_UD|lpm_divide:Mod0|lpm_divide_h8m:auto_generated|sign_div_unsign_fkh:divider|alt_u_div_i4f:divider|StageOut[54]~25 ; |bin2bcd_UD|lpm_divide:Mod0|lpm_divide_h8m:auto_generated|sign_div_unsign_fkh:divider|alt_u_div_i4f:divider|StageOut[54]~25 ; out0             ;
; |bin2bcd_UD|lpm_divide:Mod0|lpm_divide_h8m:auto_generated|sign_div_unsign_fkh:divider|alt_u_div_i4f:divider|StageOut[54]    ; |bin2bcd_UD|lpm_divide:Mod0|lpm_divide_h8m:auto_generated|sign_div_unsign_fkh:divider|alt_u_div_i4f:divider|StageOut[54]    ; out0             ;
; |bin2bcd_UD|lpm_divide:Mod0|lpm_divide_h8m:auto_generated|sign_div_unsign_fkh:divider|alt_u_div_i4f:divider|StageOut[45]~34 ; |bin2bcd_UD|lpm_divide:Mod0|lpm_divide_h8m:auto_generated|sign_div_unsign_fkh:divider|alt_u_div_i4f:divider|StageOut[45]~34 ; out0             ;
; |bin2bcd_UD|lpm_divide:Mod0|lpm_divide_h8m:auto_generated|sign_div_unsign_fkh:divider|alt_u_div_i4f:divider|StageOut[45]~42 ; |bin2bcd_UD|lpm_divide:Mod0|lpm_divide_h8m:auto_generated|sign_div_unsign_fkh:divider|alt_u_div_i4f:divider|StageOut[45]~42 ; out0             ;
; |bin2bcd_UD|lpm_divide:Mod0|lpm_divide_h8m:auto_generated|sign_div_unsign_fkh:divider|alt_u_div_i4f:divider|StageOut[45]    ; |bin2bcd_UD|lpm_divide:Mod0|lpm_divide_h8m:auto_generated|sign_div_unsign_fkh:divider|alt_u_div_i4f:divider|StageOut[45]    ; out0             ;
; |bin2bcd_UD|lpm_divide:Mod0|lpm_divide_h8m:auto_generated|sign_div_unsign_fkh:divider|alt_u_div_i4f:divider|StageOut[36]~51 ; |bin2bcd_UD|lpm_divide:Mod0|lpm_divide_h8m:auto_generated|sign_div_unsign_fkh:divider|alt_u_div_i4f:divider|StageOut[36]~51 ; out0             ;
; |bin2bcd_UD|lpm_divide:Mod0|lpm_divide_h8m:auto_generated|sign_div_unsign_fkh:divider|alt_u_div_i4f:divider|StageOut[36]~59 ; |bin2bcd_UD|lpm_divide:Mod0|lpm_divide_h8m:auto_generated|sign_div_unsign_fkh:divider|alt_u_div_i4f:divider|StageOut[36]~59 ; out0             ;
; |bin2bcd_UD|lpm_divide:Mod0|lpm_divide_h8m:auto_generated|sign_div_unsign_fkh:divider|alt_u_div_i4f:divider|StageOut[36]    ; |bin2bcd_UD|lpm_divide:Mod0|lpm_divide_h8m:auto_generated|sign_div_unsign_fkh:divider|alt_u_div_i4f:divider|StageOut[36]    ; out0             ;
; |bin2bcd_UD|lpm_divide:Mod0|lpm_divide_h8m:auto_generated|sign_div_unsign_fkh:divider|alt_u_div_i4f:divider|StageOut[27]~68 ; |bin2bcd_UD|lpm_divide:Mod0|lpm_divide_h8m:auto_generated|sign_div_unsign_fkh:divider|alt_u_div_i4f:divider|StageOut[27]~68 ; out0             ;
; |bin2bcd_UD|lpm_divide:Mod0|lpm_divide_h8m:auto_generated|sign_div_unsign_fkh:divider|alt_u_div_i4f:divider|StageOut[27]~76 ; |bin2bcd_UD|lpm_divide:Mod0|lpm_divide_h8m:auto_generated|sign_div_unsign_fkh:divider|alt_u_div_i4f:divider|StageOut[27]~76 ; out0             ;
; |bin2bcd_UD|lpm_divide:Mod0|lpm_divide_h8m:auto_generated|sign_div_unsign_fkh:divider|alt_u_div_i4f:divider|StageOut[26]~77 ; |bin2bcd_UD|lpm_divide:Mod0|lpm_divide_h8m:auto_generated|sign_div_unsign_fkh:divider|alt_u_div_i4f:divider|StageOut[26]~77 ; out0             ;
; |bin2bcd_UD|lpm_divide:Mod0|lpm_divide_h8m:auto_generated|sign_div_unsign_fkh:divider|alt_u_div_i4f:divider|StageOut[25]~78 ; |bin2bcd_UD|lpm_divide:Mod0|lpm_divide_h8m:auto_generated|sign_div_unsign_fkh:divider|alt_u_div_i4f:divider|StageOut[25]~78 ; out0             ;
; |bin2bcd_UD|lpm_divide:Mod0|lpm_divide_h8m:auto_generated|sign_div_unsign_fkh:divider|alt_u_div_i4f:divider|StageOut[24]~79 ; |bin2bcd_UD|lpm_divide:Mod0|lpm_divide_h8m:auto_generated|sign_div_unsign_fkh:divider|alt_u_div_i4f:divider|StageOut[24]~79 ; out0             ;
; |bin2bcd_UD|lpm_divide:Mod0|lpm_divide_h8m:auto_generated|sign_div_unsign_fkh:divider|alt_u_div_i4f:divider|StageOut[27]    ; |bin2bcd_UD|lpm_divide:Mod0|lpm_divide_h8m:auto_generated|sign_div_unsign_fkh:divider|alt_u_div_i4f:divider|StageOut[27]    ; out0             ;
; |bin2bcd_UD|lpm_divide:Div0|lpm_divide_agm:auto_generated|sign_div_unsign_bkh:divider|alt_u_div_a4f:divider|StageOut[18]~41 ; |bin2bcd_UD|lpm_divide:Div0|lpm_divide_agm:auto_generated|sign_div_unsign_bkh:divider|alt_u_div_a4f:divider|StageOut[18]~41 ; out0             ;
; |bin2bcd_UD|lpm_divide:Div0|lpm_divide_agm:auto_generated|sign_div_unsign_bkh:divider|alt_u_div_a4f:divider|StageOut[18]~46 ; |bin2bcd_UD|lpm_divide:Div0|lpm_divide_agm:auto_generated|sign_div_unsign_bkh:divider|alt_u_div_a4f:divider|StageOut[18]~46 ; out0             ;
; |bin2bcd_UD|lpm_divide:Div0|lpm_divide_agm:auto_generated|sign_div_unsign_bkh:divider|alt_u_div_a4f:divider|StageOut[17]~47 ; |bin2bcd_UD|lpm_divide:Div0|lpm_divide_agm:auto_generated|sign_div_unsign_bkh:divider|alt_u_div_a4f:divider|StageOut[17]~47 ; out0             ;
; |bin2bcd_UD|lpm_divide:Div0|lpm_divide_agm:auto_generated|sign_div_unsign_bkh:divider|alt_u_div_a4f:divider|StageOut[16]~48 ; |bin2bcd_UD|lpm_divide:Div0|lpm_divide_agm:auto_generated|sign_div_unsign_bkh:divider|alt_u_div_a4f:divider|StageOut[16]~48 ; out0             ;
; |bin2bcd_UD|lpm_divide:Div0|lpm_divide_agm:auto_generated|sign_div_unsign_bkh:divider|alt_u_div_a4f:divider|StageOut[15]~49 ; |bin2bcd_UD|lpm_divide:Div0|lpm_divide_agm:auto_generated|sign_div_unsign_bkh:divider|alt_u_div_a4f:divider|StageOut[15]~49 ; out0             ;
; |bin2bcd_UD|lpm_divide:Div0|lpm_divide_agm:auto_generated|sign_div_unsign_bkh:divider|alt_u_div_a4f:divider|StageOut[18]    ; |bin2bcd_UD|lpm_divide:Div0|lpm_divide_agm:auto_generated|sign_div_unsign_bkh:divider|alt_u_div_a4f:divider|StageOut[18]    ; out0             ;
; |bin2bcd_UD|lpm_divide:Mod0|lpm_divide_h8m:auto_generated|sign_div_unsign_fkh:divider|alt_u_div_i4f:divider|op_2~2          ; |bin2bcd_UD|lpm_divide:Mod0|lpm_divide_h8m:auto_generated|sign_div_unsign_fkh:divider|alt_u_div_i4f:divider|op_2~2          ; out0             ;
; |bin2bcd_UD|lpm_divide:Mod0|lpm_divide_h8m:auto_generated|sign_div_unsign_fkh:divider|alt_u_div_i4f:divider|op_2~4          ; |bin2bcd_UD|lpm_divide:Mod0|lpm_divide_h8m:auto_generated|sign_div_unsign_fkh:divider|alt_u_div_i4f:divider|op_2~4          ; out0             ;
; |bin2bcd_UD|lpm_divide:Mod0|lpm_divide_h8m:auto_generated|sign_div_unsign_fkh:divider|alt_u_div_i4f:divider|op_3~7          ; |bin2bcd_UD|lpm_divide:Mod0|lpm_divide_h8m:auto_generated|sign_div_unsign_fkh:divider|alt_u_div_i4f:divider|op_3~7          ; out0             ;
; |bin2bcd_UD|lpm_divide:Mod0|lpm_divide_h8m:auto_generated|sign_div_unsign_fkh:divider|alt_u_div_i4f:divider|op_4~10         ; |bin2bcd_UD|lpm_divide:Mod0|lpm_divide_h8m:auto_generated|sign_div_unsign_fkh:divider|alt_u_div_i4f:divider|op_4~10         ; out0             ;
; |bin2bcd_UD|lpm_divide:Mod0|lpm_divide_h8m:auto_generated|sign_div_unsign_fkh:divider|alt_u_div_i4f:divider|op_5~13         ; |bin2bcd_UD|lpm_divide:Mod0|lpm_divide_h8m:auto_generated|sign_div_unsign_fkh:divider|alt_u_div_i4f:divider|op_5~13         ; out0             ;
; |bin2bcd_UD|lpm_divide:Mod0|lpm_divide_h8m:auto_generated|sign_div_unsign_fkh:divider|alt_u_div_i4f:divider|op_6~12         ; |bin2bcd_UD|lpm_divide:Mod0|lpm_divide_h8m:auto_generated|sign_div_unsign_fkh:divider|alt_u_div_i4f:divider|op_6~12         ; out0             ;
; |bin2bcd_UD|lpm_divide:Div0|lpm_divide_agm:auto_generated|sign_div_unsign_bkh:divider|alt_u_div_a4f:divider|op_2~2          ; |bin2bcd_UD|lpm_divide:Div0|lpm_divide_agm:auto_generated|sign_div_unsign_bkh:divider|alt_u_div_a4f:divider|op_2~2          ; out0             ;
; |bin2bcd_UD|lpm_divide:Div0|lpm_divide_agm:auto_generated|sign_div_unsign_bkh:divider|alt_u_div_a4f:divider|op_2~4          ; |bin2bcd_UD|lpm_divide:Div0|lpm_divide_agm:auto_generated|sign_div_unsign_bkh:divider|alt_u_div_a4f:divider|op_2~4          ; out0             ;
; |bin2bcd_UD|lpm_divide:Div0|lpm_divide_agm:auto_generated|sign_div_unsign_bkh:divider|alt_u_div_a4f:divider|op_3~6          ; |bin2bcd_UD|lpm_divide:Div0|lpm_divide_agm:auto_generated|sign_div_unsign_bkh:divider|alt_u_div_a4f:divider|op_3~6          ; out0             ;
+-----------------------------------------------------------------------------------------------------------------------------+-----------------------------------------------------------------------------------------------------------------------------+------------------+


The following table displays output ports that do not toggle to 0 during simulation.
+------------------------------------------------------------------------------------------------------------------------------------------------------------------------------------------------------------------------------------------------------------------------------+
; Missing 0-Value Coverage                                                                                                                                                                                                                                                     ;
+-----------------------------------------------------------------------------------------------------------------------------+-----------------------------------------------------------------------------------------------------------------------------+------------------+
; Node Name                                                                                                                   ; Output Port Name                                                                                                            ; Output Port Type ;
+-----------------------------------------------------------------------------------------------------------------------------+-----------------------------------------------------------------------------------------------------------------------------+------------------+
; |bin2bcd_UD|X_bin[7]                                                                                                        ; |bin2bcd_UD|X_bin[7]                                                                                                        ; out              ;
; |bin2bcd_UD|lpm_divide:Mod0|lpm_divide_h8m:auto_generated|sign_div_unsign_fkh:divider|alt_u_div_i4f:divider|StageOut[54]~17 ; |bin2bcd_UD|lpm_divide:Mod0|lpm_divide_h8m:auto_generated|sign_div_unsign_fkh:divider|alt_u_div_i4f:divider|StageOut[54]~17 ; out0             ;
; |bin2bcd_UD|lpm_divide:Mod0|lpm_divide_h8m:auto_generated|sign_div_unsign_fkh:divider|alt_u_div_i4f:divider|StageOut[54]~25 ; |bin2bcd_UD|lpm_divide:Mod0|lpm_divide_h8m:auto_generated|sign_div_unsign_fkh:divider|alt_u_div_i4f:divider|StageOut[54]~25 ; out0             ;
; |bin2bcd_UD|lpm_divide:Mod0|lpm_divide_h8m:auto_generated|sign_div_unsign_fkh:divider|alt_u_div_i4f:divider|StageOut[54]    ; |bin2bcd_UD|lpm_divide:Mod0|lpm_divide_h8m:auto_generated|sign_div_unsign_fkh:divider|alt_u_div_i4f:divider|StageOut[54]    ; out0             ;
; |bin2bcd_UD|lpm_divide:Mod0|lpm_divide_h8m:auto_generated|sign_div_unsign_fkh:divider|alt_u_div_i4f:divider|StageOut[45]~34 ; |bin2bcd_UD|lpm_divide:Mod0|lpm_divide_h8m:auto_generated|sign_div_unsign_fkh:divider|alt_u_div_i4f:divider|StageOut[45]~34 ; out0             ;
; |bin2bcd_UD|lpm_divide:Mod0|lpm_divide_h8m:auto_generated|sign_div_unsign_fkh:divider|alt_u_div_i4f:divider|StageOut[45]~42 ; |bin2bcd_UD|lpm_divide:Mod0|lpm_divide_h8m:auto_generated|sign_div_unsign_fkh:divider|alt_u_div_i4f:divider|StageOut[45]~42 ; out0             ;
; |bin2bcd_UD|lpm_divide:Mod0|lpm_divide_h8m:auto_generated|sign_div_unsign_fkh:divider|alt_u_div_i4f:divider|StageOut[45]    ; |bin2bcd_UD|lpm_divide:Mod0|lpm_divide_h8m:auto_generated|sign_div_unsign_fkh:divider|alt_u_div_i4f:divider|StageOut[45]    ; out0             ;
; |bin2bcd_UD|lpm_divide:Mod0|lpm_divide_h8m:auto_generated|sign_div_unsign_fkh:divider|alt_u_div_i4f:divider|StageOut[36]~51 ; |bin2bcd_UD|lpm_divide:Mod0|lpm_divide_h8m:auto_generated|sign_div_unsign_fkh:divider|alt_u_div_i4f:divider|StageOut[36]~51 ; out0             ;
; |bin2bcd_UD|lpm_divide:Mod0|lpm_divide_h8m:auto_generated|sign_div_unsign_fkh:divider|alt_u_div_i4f:divider|StageOut[36]~59 ; |bin2bcd_UD|lpm_divide:Mod0|lpm_divide_h8m:auto_generated|sign_div_unsign_fkh:divider|alt_u_div_i4f:divider|StageOut[36]~59 ; out0             ;
; |bin2bcd_UD|lpm_divide:Mod0|lpm_divide_h8m:auto_generated|sign_div_unsign_fkh:divider|alt_u_div_i4f:divider|StageOut[36]    ; |bin2bcd_UD|lpm_divide:Mod0|lpm_divide_h8m:auto_generated|sign_div_unsign_fkh:divider|alt_u_div_i4f:divider|StageOut[36]    ; out0             ;
; |bin2bcd_UD|lpm_divide:Mod0|lpm_divide_h8m:auto_generated|sign_div_unsign_fkh:divider|alt_u_div_i4f:divider|StageOut[27]~68 ; |bin2bcd_UD|lpm_divide:Mod0|lpm_divide_h8m:auto_generated|sign_div_unsign_fkh:divider|alt_u_div_i4f:divider|StageOut[27]~68 ; out0             ;
; |bin2bcd_UD|lpm_divide:Mod0|lpm_divide_h8m:auto_generated|sign_div_unsign_fkh:divider|alt_u_div_i4f:divider|StageOut[27]~76 ; |bin2bcd_UD|lpm_divide:Mod0|lpm_divide_h8m:auto_generated|sign_div_unsign_fkh:divider|alt_u_div_i4f:divider|StageOut[27]~76 ; out0             ;
; |bin2bcd_UD|lpm_divide:Mod0|lpm_divide_h8m:auto_generated|sign_div_unsign_fkh:divider|alt_u_div_i4f:divider|StageOut[26]~77 ; |bin2bcd_UD|lpm_divide:Mod0|lpm_divide_h8m:auto_generated|sign_div_unsign_fkh:divider|alt_u_div_i4f:divider|StageOut[26]~77 ; out0             ;
; |bin2bcd_UD|lpm_divide:Mod0|lpm_divide_h8m:auto_generated|sign_div_unsign_fkh:divider|alt_u_div_i4f:divider|StageOut[25]~78 ; |bin2bcd_UD|lpm_divide:Mod0|lpm_divide_h8m:auto_generated|sign_div_unsign_fkh:divider|alt_u_div_i4f:divider|StageOut[25]~78 ; out0             ;
; |bin2bcd_UD|lpm_divide:Mod0|lpm_divide_h8m:auto_generated|sign_div_unsign_fkh:divider|alt_u_div_i4f:divider|StageOut[24]~79 ; |bin2bcd_UD|lpm_divide:Mod0|lpm_divide_h8m:auto_generated|sign_div_unsign_fkh:divider|alt_u_div_i4f:divider|StageOut[24]~79 ; out0             ;
; |bin2bcd_UD|lpm_divide:Mod0|lpm_divide_h8m:auto_generated|sign_div_unsign_fkh:divider|alt_u_div_i4f:divider|StageOut[27]    ; |bin2bcd_UD|lpm_divide:Mod0|lpm_divide_h8m:auto_generated|sign_div_unsign_fkh:divider|alt_u_div_i4f:divider|StageOut[27]    ; out0             ;
; |bin2bcd_UD|lpm_divide:Div0|lpm_divide_agm:auto_generated|sign_div_unsign_bkh:divider|alt_u_div_a4f:divider|StageOut[18]~41 ; |bin2bcd_UD|lpm_divide:Div0|lpm_divide_agm:auto_generated|sign_div_unsign_bkh:divider|alt_u_div_a4f:divider|StageOut[18]~41 ; out0             ;
; |bin2bcd_UD|lpm_divide:Div0|lpm_divide_agm:auto_generated|sign_div_unsign_bkh:divider|alt_u_div_a4f:divider|StageOut[18]~46 ; |bin2bcd_UD|lpm_divide:Div0|lpm_divide_agm:auto_generated|sign_div_unsign_bkh:divider|alt_u_div_a4f:divider|StageOut[18]~46 ; out0             ;
; |bin2bcd_UD|lpm_divide:Div0|lpm_divide_agm:auto_generated|sign_div_unsign_bkh:divider|alt_u_div_a4f:divider|StageOut[17]~47 ; |bin2bcd_UD|lpm_divide:Div0|lpm_divide_agm:auto_generated|sign_div_unsign_bkh:divider|alt_u_div_a4f:divider|StageOut[17]~47 ; out0             ;
; |bin2bcd_UD|lpm_divide:Div0|lpm_divide_agm:auto_generated|sign_div_unsign_bkh:divider|alt_u_div_a4f:divider|StageOut[16]~48 ; |bin2bcd_UD|lpm_divide:Div0|lpm_divide_agm:auto_generated|sign_div_unsign_bkh:divider|alt_u_div_a4f:divider|StageOut[16]~48 ; out0             ;
; |bin2bcd_UD|lpm_divide:Div0|lpm_divide_agm:auto_generated|sign_div_unsign_bkh:divider|alt_u_div_a4f:divider|StageOut[15]~49 ; |bin2bcd_UD|lpm_divide:Div0|lpm_divide_agm:auto_generated|sign_div_unsign_bkh:divider|alt_u_div_a4f:divider|StageOut[15]~49 ; out0             ;
; |bin2bcd_UD|lpm_divide:Div0|lpm_divide_agm:auto_generated|sign_div_unsign_bkh:divider|alt_u_div_a4f:divider|StageOut[18]    ; |bin2bcd_UD|lpm_divide:Div0|lpm_divide_agm:auto_generated|sign_div_unsign_bkh:divider|alt_u_div_a4f:divider|StageOut[18]    ; out0             ;
; |bin2bcd_UD|lpm_divide:Mod0|lpm_divide_h8m:auto_generated|sign_div_unsign_fkh:divider|alt_u_div_i4f:divider|op_2~2          ; |bin2bcd_UD|lpm_divide:Mod0|lpm_divide_h8m:auto_generated|sign_div_unsign_fkh:divider|alt_u_div_i4f:divider|op_2~2          ; out0             ;
; |bin2bcd_UD|lpm_divide:Mod0|lpm_divide_h8m:auto_generated|sign_div_unsign_fkh:divider|alt_u_div_i4f:divider|op_2~4          ; |bin2bcd_UD|lpm_divide:Mod0|lpm_divide_h8m:auto_generated|sign_div_unsign_fkh:divider|alt_u_div_i4f:divider|op_2~4          ; out0             ;
; |bin2bcd_UD|lpm_divide:Mod0|lpm_divide_h8m:auto_generated|sign_div_unsign_fkh:divider|alt_u_div_i4f:divider|op_3~7          ; |bin2bcd_UD|lpm_divide:Mod0|lpm_divide_h8m:auto_generated|sign_div_unsign_fkh:divider|alt_u_div_i4f:divider|op_3~7          ; out0             ;
; |bin2bcd_UD|lpm_divide:Mod0|lpm_divide_h8m:auto_generated|sign_div_unsign_fkh:divider|alt_u_div_i4f:divider|op_4~10         ; |bin2bcd_UD|lpm_divide:Mod0|lpm_divide_h8m:auto_generated|sign_div_unsign_fkh:divider|alt_u_div_i4f:divider|op_4~10         ; out0             ;
; |bin2bcd_UD|lpm_divide:Mod0|lpm_divide_h8m:auto_generated|sign_div_unsign_fkh:divider|alt_u_div_i4f:divider|op_5~13         ; |bin2bcd_UD|lpm_divide:Mod0|lpm_divide_h8m:auto_generated|sign_div_unsign_fkh:divider|alt_u_div_i4f:divider|op_5~13         ; out0             ;
; |bin2bcd_UD|lpm_divide:Mod0|lpm_divide_h8m:auto_generated|sign_div_unsign_fkh:divider|alt_u_div_i4f:divider|op_6~12         ; |bin2bcd_UD|lpm_divide:Mod0|lpm_divide_h8m:auto_generated|sign_div_unsign_fkh:divider|alt_u_div_i4f:divider|op_6~12         ; out0             ;
; |bin2bcd_UD|lpm_divide:Div0|lpm_divide_agm:auto_generated|sign_div_unsign_bkh:divider|alt_u_div_a4f:divider|op_2~2          ; |bin2bcd_UD|lpm_divide:Div0|lpm_divide_agm:auto_generated|sign_div_unsign_bkh:divider|alt_u_div_a4f:divider|op_2~2          ; out0             ;
; |bin2bcd_UD|lpm_divide:Div0|lpm_divide_agm:auto_generated|sign_div_unsign_bkh:divider|alt_u_div_a4f:divider|op_2~4          ; |bin2bcd_UD|lpm_divide:Div0|lpm_divide_agm:auto_generated|sign_div_unsign_bkh:divider|alt_u_div_a4f:divider|op_2~4          ; out0             ;
; |bin2bcd_UD|lpm_divide:Div0|lpm_divide_agm:auto_generated|sign_div_unsign_bkh:divider|alt_u_div_a4f:divider|op_3~6          ; |bin2bcd_UD|lpm_divide:Div0|lpm_divide_agm:auto_generated|sign_div_unsign_bkh:divider|alt_u_div_a4f:divider|op_3~6          ; out0             ;
+-----------------------------------------------------------------------------------------------------------------------------+-----------------------------------------------------------------------------------------------------------------------------+------------------+


+---------------------+
; Simulator INI Usage ;
+--------+------------+
; Option ; Usage      ;
+--------+------------+


+--------------------+
; Simulator Messages ;
+--------------------+
Info: *******************************************************************
Info: Running Quartus II 32-bit Simulator
    Info: Version 13.0.1 Build 232 06/12/2013 Service Pack 1 SJ Full Version
    Info: Processing started: Mon Jun 15 20:36:59 2020
Info: Command: quartus_sim --simulation_results_format=VWF teste_timer00_99 -c teste_timer00_99_qsim
Info (324025): Using vector source file "/home/francin.b/DLP I (20-1)/Timer/output_files/tb_bintobcd.vwf"
Info (310003): Option to preserve fewer signal transitions to reduce memory requirements is enabled
    Info (310004): Simulation has been partitioned into sub-simulations according to the maximum transition count determined by the engine. Transitions from memory will be flushed out to disk at the end of each sub-simulation to reduce memory requirements.
Info (310002): Simulation partitioned into 1 sub-simulations
Info (328053): Simulation coverage is      86.16 %
Info (328052): Number of transitions in simulation is 3554
Info (324045): Vector file teste_timer00_99_qsim.sim.vwf is saved in VWF text format. You can compress it into CVWF format in order to reduce file size. For more details please refer to the Quartus II Help.
Info: Quartus II 32-bit Simulator was successful. 0 errors, 0 warnings
    Info: Peak virtual memory: 271 megabytes
    Info: Processing ended: Mon Jun 15 20:37:00 2020
    Info: Elapsed time: 00:00:01
    Info: Total CPU time (on all processors): 00:00:00


